Archive member included to satisfy reference by file (symbol)

/Applications/STM32CubeIDE.app/Contents/Eclipse/plugins/com.st.stm32cube.ide.mcu.externaltools.gnu-tools-for-stm32.13.3.rel1.macos64_1.0.0.202411102158/tools/bin/../lib/gcc/arm-none-eabi/13.3.1/../../../../arm-none-eabi/lib/thumb/v7-m/nofp/libc_nano.a(libc_a-atoi.o)
                              ./Core/Src/gps.o (atoi)
/Applications/STM32CubeIDE.app/Contents/Eclipse/plugins/com.st.stm32cube.ide.mcu.externaltools.gnu-tools-for-stm32.13.3.rel1.macos64_1.0.0.202411102158/tools/bin/../lib/gcc/arm-none-eabi/13.3.1/../../../../arm-none-eabi/lib/thumb/v7-m/nofp/libc_nano.a(libc_a-exit.o)
                              /Applications/STM32CubeIDE.app/Contents/Eclipse/plugins/com.st.stm32cube.ide.mcu.externaltools.gnu-tools-for-stm32.13.3.rel1.macos64_1.0.0.202411102158/tools/bin/../lib/gcc/arm-none-eabi/13.3.1/../../../../arm-none-eabi/lib/thumb/v7-m/nofp/crt0.o (exit)
/Applications/STM32CubeIDE.app/Contents/Eclipse/plugins/com.st.stm32cube.ide.mcu.externaltools.gnu-tools-for-stm32.13.3.rel1.macos64_1.0.0.202411102158/tools/bin/../lib/gcc/arm-none-eabi/13.3.1/../../../../arm-none-eabi/lib/thumb/v7-m/nofp/libc_nano.a(libc_a-malloc.o)
                              ./Core/Src/st7735.o (malloc)
/Applications/STM32CubeIDE.app/Contents/Eclipse/plugins/com.st.stm32cube.ide.mcu.externaltools.gnu-tools-for-stm32.13.3.rel1.macos64_1.0.0.202411102158/tools/bin/../lib/gcc/arm-none-eabi/13.3.1/../../../../arm-none-eabi/lib/thumb/v7-m/nofp/libc_nano.a(libc_a-mallocr.o)
                              /Applications/STM32CubeIDE.app/Contents/Eclipse/plugins/com.st.stm32cube.ide.mcu.externaltools.gnu-tools-for-stm32.13.3.rel1.macos64_1.0.0.202411102158/tools/bin/../lib/gcc/arm-none-eabi/13.3.1/../../../../arm-none-eabi/lib/thumb/v7-m/nofp/libc_nano.a(libc_a-malloc.o) (_malloc_r)
/Applications/STM32CubeIDE.app/Contents/Eclipse/plugins/com.st.stm32cube.ide.mcu.externaltools.gnu-tools-for-stm32.13.3.rel1.macos64_1.0.0.202411102158/tools/bin/../lib/gcc/arm-none-eabi/13.3.1/../../../../arm-none-eabi/lib/thumb/v7-m/nofp/libc_nano.a(libc_a-snprintf.o)
                              ./Core/Src/gps.o (snprintf)
/Applications/STM32CubeIDE.app/Contents/Eclipse/plugins/com.st.stm32cube.ide.mcu.externaltools.gnu-tools-for-stm32.13.3.rel1.macos64_1.0.0.202411102158/tools/bin/../lib/gcc/arm-none-eabi/13.3.1/../../../../arm-none-eabi/lib/thumb/v7-m/nofp/libc_nano.a(libc_a-mlock.o)
                              /Applications/STM32CubeIDE.app/Contents/Eclipse/plugins/com.st.stm32cube.ide.mcu.externaltools.gnu-tools-for-stm32.13.3.rel1.macos64_1.0.0.202411102158/tools/bin/../lib/gcc/arm-none-eabi/13.3.1/../../../../arm-none-eabi/lib/thumb/v7-m/nofp/libc_nano.a(libc_a-mallocr.o) (__malloc_lock)
/Applications/STM32CubeIDE.app/Contents/Eclipse/plugins/com.st.stm32cube.ide.mcu.externaltools.gnu-tools-for-stm32.13.3.rel1.macos64_1.0.0.202411102158/tools/bin/../lib/gcc/arm-none-eabi/13.3.1/../../../../arm-none-eabi/lib/thumb/v7-m/nofp/libc_nano.a(libc_a-sscanf.o)
                              ./Core/Src/gps.o (sscanf)
/Applications/STM32CubeIDE.app/Contents/Eclipse/plugins/com.st.stm32cube.ide.mcu.externaltools.gnu-tools-for-stm32.13.3.rel1.macos64_1.0.0.202411102158/tools/bin/../lib/gcc/arm-none-eabi/13.3.1/../../../../arm-none-eabi/lib/thumb/v7-m/nofp/libc_nano.a(libc_a-stdio.o)
                              /Applications/STM32CubeIDE.app/Contents/Eclipse/plugins/com.st.stm32cube.ide.mcu.externaltools.gnu-tools-for-stm32.13.3.rel1.macos64_1.0.0.202411102158/tools/bin/../lib/gcc/arm-none-eabi/13.3.1/../../../../arm-none-eabi/lib/thumb/v7-m/nofp/libc_nano.a(libc_a-sscanf.o) (__seofread)
/Applications/STM32CubeIDE.app/Contents/Eclipse/plugins/com.st.stm32cube.ide.mcu.externaltools.gnu-tools-for-stm32.13.3.rel1.macos64_1.0.0.202411102158/tools/bin/../lib/gcc/arm-none-eabi/13.3.1/../../../../arm-none-eabi/lib/thumb/v7-m/nofp/libc_nano.a(libc_a-findfp.o)
                              /Applications/STM32CubeIDE.app/Contents/Eclipse/plugins/com.st.stm32cube.ide.mcu.externaltools.gnu-tools-for-stm32.13.3.rel1.macos64_1.0.0.202411102158/tools/bin/../lib/gcc/arm-none-eabi/13.3.1/../../../../arm-none-eabi/lib/thumb/v7-m/nofp/libc_nano.a(libc_a-exit.o) (__stdio_exit_handler)
/Applications/STM32CubeIDE.app/Contents/Eclipse/plugins/com.st.stm32cube.ide.mcu.externaltools.gnu-tools-for-stm32.13.3.rel1.macos64_1.0.0.202411102158/tools/bin/../lib/gcc/arm-none-eabi/13.3.1/../../../../arm-none-eabi/lib/thumb/v7-m/nofp/libc_nano.a(libc_a-strtol.o)
                              /Applications/STM32CubeIDE.app/Contents/Eclipse/plugins/com.st.stm32cube.ide.mcu.externaltools.gnu-tools-for-stm32.13.3.rel1.macos64_1.0.0.202411102158/tools/bin/../lib/gcc/arm-none-eabi/13.3.1/../../../../arm-none-eabi/lib/thumb/v7-m/nofp/libc_nano.a(libc_a-atoi.o) (_strtol_r)
[...]
Memory Configuration

Name             Origin             Length             Attributes
RAM              0x20000000         0x00005000         xrw
FLASH            0x08000000         0x00010000         xr
*default*        0x00000000         0xffffffff

Linker script and memory map

LOAD /Applications/STM32CubeIDE.app/Contents/Eclipse/plugins/com.st.stm32cube.ide.mcu.externaltools.gnu-tools-for-stm32.13.3.rel1.macos64_1.0.0.202411102158/tools/bin/../lib/gcc/arm-none-eabi/13.3.1/thumb/v7-m/nofp/crti.o
LOAD /Applications/STM32CubeIDE.app/Contents/Eclipse/plugins/com.st.stm32cube.ide.mcu.externaltools.gnu-tools-for-stm32.13.3.rel1.macos64_1.0.0.202411102158/tools/bin/../lib/gcc/arm-none-eabi/13.3.1/thumb/v7-m/nofp/crtbegin.o
LOAD /Applications/STM32CubeIDE.app/Contents/Eclipse/plugins/com.st.stm32cube.ide.mcu.externaltools.gnu-tools-for-stm32.13.3.rel1.macos64_1.0.0.202411102158/tools/bin/../lib/gcc/arm-none-eabi/13.3.1/../../../../arm-none-eabi/lib/thumb/v7-m/nofp/crt0.o
LOAD ./Core/Src/GFX_functions.o
LOAD ./Core/Src/events.o
LOAD ./Core/Src/fatfs_sd.o
LOAD ./Core/Src/flags.o
LOAD ./Core/Src/fonts.o
LOAD ./Core/Src/gpio.o
LOAD ./Core/Src/gps.o
LOAD ./Core/Src/i2c.o
LOAD ./Core/Src/main.o
LOAD ./Core/Src/mpu6050.o
LOAD ./Core/Src/spi.o
LOAD ./Core/Src/st7735.o
LOAD ./Core/Src/stm32f1xx_hal_msp.o
LOAD ./Core/Src/stm32f1xx_it.o
LOAD ./Core/Src/syscalls.o
LOAD ./Core/Src/sysmem.o
LOAD ./Core/Src/system_state.o
LOAD ./Core/Src/system_stm32f1xx.o
LOAD ./Core/Src/tim.o
LOAD ./Core/Src/usart.o
LOAD ./Core/Startup/startup_stm32f103c8tx.o
LOAD ./Drivers/STM32F1xx_HAL_Driver/Src/stm32f1xx_hal.o
LOAD ./Drivers/STM32F1xx_HAL_Driver/Src/stm32f1xx_hal_cortex.o
LOAD ./Drivers/STM32F1xx_HAL_Driver/Src/stm32f1xx_hal_dma.o
LOAD ./Drivers/STM32F1xx_HAL_Driver/Src/stm32f1xx_hal_exti.o
LOAD ./Drivers/STM32F1xx_HAL_Driver/Src/stm32f1xx_hal_flash.o
LOAD ./Drivers/STM32F1xx_HAL_Driver/Src/stm32f1xx_hal_flash_ex.o
LOAD ./Drivers/STM32F1xx_HAL_Driver/Src/stm32f1xx_hal_gpio.o
LOAD ./Drivers/STM32F1xx_HAL_Driver/Src/stm32f1xx_hal_gpio_ex.o
LOAD ./Drivers/STM32F1xx_HAL_Driver/Src/stm32f1xx_hal_i2c.o
LOAD ./Drivers/STM32F1xx_HAL_Driver/Src/stm32f1xx_hal_pwr.o
LOAD ./Drivers/STM32F1xx_HAL_Driver/Src/stm32f1xx_hal_rcc.o
LOAD ./Drivers/STM32F1xx_HAL_Driver/Src/stm32f1xx_hal_rcc_ex.o
LOAD ./Drivers/STM32F1xx_HAL_Driver/Src/stm32f1xx_hal_spi.o
LOAD ./Drivers/STM32F1xx_HAL_Driver/Src/stm32f1xx_hal_tim.o
LOAD ./Drivers/STM32F1xx_HAL_Driver/Src/stm32f1xx_hal_tim_ex.o
LOAD ./Drivers/STM32F1xx_HAL_Driver/Src/stm32f1xx_hal_uart.o
LOAD ./FATFS/App/fatfs.o
LOAD ./FATFS/Target/user_diskio.o
LOAD ./Middlewares/Third_Party/FatFs/src/diskio.o
LOAD ./Middlewares/Third_Party/FatFs/src/ff.o
LOAD ./Middlewares/Third_Party/FatFs/src/ff_gen_drv.o
LOAD ./Middlewares/Third_Party/FatFs/src/option/ccsbcs.o
LOAD ./Middlewares/Third_Party/FatFs/src/option/syscall.o
START GROUP
LOAD /Applications/STM32CubeIDE.app/Contents/Eclipse/plugins/com.st.stm32cube.ide.mcu.externaltools.gnu-tools-for-stm32.13.3.rel1.macos64_1.0.0.202411102158/tools/bin/../lib/gcc/arm-none-eabi/13.3.1/../../../../arm-none-eabi/lib/thumb/v7-m/nofp/libc_nano.a
LOAD /Applications/STM32CubeIDE.app/Contents/Eclipse/plugins/com.st.stm32cube.ide.mcu.externaltools.gnu-tools-for-stm32.13.3.rel1.macos64_1.0.0.202411102158/tools/bin/../lib/gcc/arm-none-eabi/13.3.1/../../../../arm-none-eabi/lib/thumb/v7-m/nofp/libm.a
END GROUP
START GROUP
LOAD /Applications/STM32CubeIDE.app/Contents/Eclipse/plugins/com.st.stm32cube.ide.mcu.externaltools.gnu-tools-for-stm32.13.3.rel1.macos64_1.0.0.202411102158/tools/bin/../lib/gcc/arm-none-eabi/13.3.1/thumb/v7-m/nofp/libgcc.a
LOAD /Applications/STM32CubeIDE.app/Contents/Eclipse/plugins/com.st.stm32cube.ide.mcu.externaltools.gnu-tools-for-stm32.13.3.rel1.macos64_1.0.0.202411102158/tools/bin/../lib/gcc/arm-none-eabi/13.3.1/../../../../arm-none-eabi/lib/thumb/v7-m/nofp/libc_nano.a
END GROUP
START GROUP
LOAD /Applications/STM32CubeIDE.app/Contents/Eclipse/plugins/com.st.stm32cube.ide.mcu.externaltools.gnu-tools-for-stm32.13.3.rel1.macos64_1.0.0.202411102158/tools/bin/../lib/gcc/arm-none-eabi/13.3.1/thumb/v7-m/nofp/libgcc.a
LOAD /Applications/STM32CubeIDE.app/Contents/Eclipse/plugins/com.st.stm32cube.ide.mcu.externaltools.gnu-tools-for-stm32.13.3.rel1.macos64_1.0.0.202411102158/tools/bin/../lib/gcc/arm-none-eabi/13.3.1/../../../../arm-none-eabi/lib/thumb/v7-m/nofp/libc_nano.a
LOAD /Applications/STM32CubeIDE.app/Contents/Eclipse/plugins/com.st.stm32cube.ide.mcu.externaltools.gnu-tools-for-stm32.13.3.rel1.macos64_1.0.0.202411102158/tools/bin/../lib/gcc/arm-none-eabi/13.3.1/../../../../arm-none-eabi/lib/thumb/v7-m/nofp/libnosys.a
END GROUP
START GROUP
LOAD /Applications/STM32CubeIDE.app/Contents/Eclipse/plugins/com.st.stm32cube.ide.mcu.externaltools.gnu-tools-for-stm32.13.3.rel1.macos64_1.0.0.202411102158/tools/bin/../lib/gcc/arm-none-eabi/13.3.1/thumb/v7-m/nofp/libgcc.a
LOAD /Applications/STM32CubeIDE.app/Contents/Eclipse/plugins/com.st.stm32cube.ide.mcu.externaltools.gnu-tools-for-stm32.13.3.rel1.macos64_1.0.0.202411102158/tools/bin/../lib/gcc/arm-none-eabi/13.3.1/../../../../arm-none-eabi/lib/thumb/v7-m/nofp/libc_nano.a
LOAD /Applications/STM32CubeIDE.app/Contents/Eclipse/plugins/com.st.stm32cube.ide.mcu.externaltools.gnu-tools-for-stm32.13.3.rel1.macos64_1.0.0.202411102158/tools/bin/../lib/gcc/arm-none-eabi/13.3.1/../../../../arm-none-eabi/lib/thumb/v7-m/nofp/libnosys.a
END GROUP
LOAD /Applications/STM32CubeIDE.app/Contents/Eclipse/plugins/com.st.stm32cube.ide.mcu.externaltools.gnu-tools-for-stm32.13.3.rel1.macos64_1.0.0.202411102158/tools/bin/../lib/gcc/arm-none-eabi/13.3.1/thumb/v7-m/nofp/crtend.o
LOAD /Applications/STM32CubeIDE.app/Contents/Eclipse/plugins/com.st.stm32cube.ide.mcu.externaltools.gnu-tools-for-stm32.13.3.rel1.macos64_1.0.0.202411102158/tools/bin/../lib/gcc/arm-none-eabi/13.3.1/thumb/v7-m/nofp/crtn.o
                0x20005000                        _estack = (ORIGIN (RAM) + LENGTH (RAM))
                0x00000200                        _Min_Heap_Size = 0x200
                0x00000400                        _Min_Stack_Size = 0x400

.isr_vector     0x08000000      0x10c
                0x08000000                        . = ALIGN (0x4)
 *(.isr_vector)
 .isr_vector    0x08000000      0x10c ./Core/Startup/startup_stm32f103c8tx.o
                0x08000000                g_pfnVectors
                0x0800010c                        . = ALIGN (0x4)

.text           0x0800010c     0xc738
                0x0800010c                        . = ALIGN (0x4)
 *(.text)
 .text          0x0800010c       0x40 /Applications/STM32CubeIDE.app/Contents/Eclipse/plugins/com.st.stm32cube.ide.mcu.externaltools.gnu-tools-for-stm32.13.3.rel1.macos64_1.0.0.202411102158/tools/bin/../lib/gcc/arm-none-eabi/13.3.1/thumb/v7-m/nofp/crtbegin.o
 .text          0x0800014c       0x10 /Applications/STM32CubeIDE.app/Contents/Eclipse/plugins/com.st.stm32cube.ide.mcu.externaltools.gnu-tools-for-stm32.13.3.rel1.macos64_1.0.0.202411102158/tools/bin/../lib/gcc/arm-none-eabi/13.3.1/../../../../arm-none-eabi/lib/thumb/v7-m/nofp/libc_nano.a(libc_a-strlen.o)
                0x0800014c                strlen
 .text          0x0800015c       0xa0 /Applications/STM32CubeIDE.app/Contents/Eclipse/plugins/com.st.stm32cube.ide.mcu.externaltools.gnu-tools-for-stm32.13.3.rel1.macos64_1.0.0.202411102158/tools/bin/../lib/gcc/arm-none-eabi/13.3.1/thumb/v7-m/nofp/libgcc.a(_aeabi_ldivmod.o)
                0x0800015c                __aeabi_ldivmod
 .text          0x080001fc      0x300 /Applications/STM32CubeIDE.app/Contents/Eclipse/plugins/com.st.stm32cube.ide.mcu.externaltools.gnu-tools-for-stm32.13.3.rel1.macos64_1.0.0.202411102158/tools/bin/../lib/gcc/arm-none-eabi/13.3.1/thumb/v7-m/nofp/libgcc.a(_udivmoddi4.o)
                0x080001fc                __udivmoddi4
 .text          0x080004fc        0x4 /Applications/STM32CubeIDE.app/Contents/Eclipse/plugins/com.st.stm32cube.ide.mcu.externaltools.gnu-tools-for-stm32.13.3.rel1.macos64_1.0.0.202411102158/tools/bin/../lib/gcc/arm-none-eabi/13.3.1/thumb/v7-m/nofp/libgcc.a(_dvmd_tls.o)
                0x080004fc                __aeabi_ldiv0
                0x080004fc                __aeabi_idiv0
 *(.text*)
 .text.SELECT   0x08000500       0x1c ./Core/Src/fatfs_sd.o
 .text.DESELECT
                0x0800051c       0x1c ./Core/Src/fatfs_sd.o
 .text.SPI_TxByte
                0x08000538       0x34 ./Core/Src/fatfs_sd.o
 .text.SPI_TxBuffer
                0x0800056c       0x34 ./Core/Src/fatfs_sd.o
 .text.SPI_RxByte
                0x080005a0       0x38 ./Core/Src/fatfs_sd.o
 .text.SPI_RxBytePtr
                0x080005d8       0x1c ./Core/Src/fatfs_sd.o
 .text.SD_ReadyWait
                0x080005f4       0x34 ./Core/Src/fatfs_sd.o
 .text.SD_PowerOn
                0x08000628       0x84 ./Core/Src/fatfs_sd.o
 .text.SD_PowerOff
                0x080006ac       0x18 ./Core/Src/fatfs_sd.o
 .text.SD_CheckPower
                0x080006c4       0x14 ./Core/Src/fatfs_sd.o
 .text.SD_RxDataBlock
                0x080006d8       0x5c ./Core/Src/fatfs_sd.o
 .text.SD_TxDataBlock
                0x08000734       0x86 ./Core/Src/fatfs_sd.o
 .text.SD_SendCmd
                0x080007ba       0xa8 ./Core/Src/fatfs_sd.o
 *fill*         0x08000862        0x2 
 .text.SD_disk_initialize
                0x08000864      0x1cc ./Core/Src/fatfs_sd.o
                0x08000864                SD_disk_initialize
 .text.SD_disk_status
                0x08000a30       0x28 ./Core/Src/fatfs_sd.o
                0x08000a30                SD_disk_status
 .text.SD_disk_read
                0x08000a58       0xd4 ./Core/Src/fatfs_sd.o
                0x08000a58                SD_disk_read
 .text.SD_disk_write
                0x08000b2c      0x108 ./Core/Src/fatfs_sd.o
                0x08000b2c                SD_disk_write
 .text.SD_disk_ioctl
                0x08000c34      0x254 ./Core/Src/fatfs_sd.o
                0x08000c34                SD_disk_ioctl
 .text.MX_GPIO_Init
                0x08000e88       0xf0 ./Core/Src/gpio.o
                0x08000e88                MX_GPIO_Init
 .text.gpsValidate
                0x08000f78       0x90 ./Core/Src/gps.o
 .text.saveToActiveBuffer
                0x08001008       0xcc ./Core/Src/gps.o
 .text.gpsProcessByte
                0x080010d4      0x258 ./Core/Src/gps.o
                0x080010d4                gpsProcessByte
 .text.gpsConvertUtcToLocal
                0x0800132c       0xd4 ./Core/Src/gps.o
                0x0800132c                gpsConvertUtcToLocal
 .text.gpsHasValidFix
                0x08001400       0x14 ./Core/Src/gps.o
                0x08001400                gpsHasValidFix
 .text.gpsGetLastDate
                0x08001414       0x14 ./Core/Src/gps.o
                0x08001414                gpsGetLastDate
 .text.gpsGetLastTime
                0x08001428       0x14 ./Core/Src/gps.o
                0x08001428                gpsGetLastTime
 .text.gpsIsReady
                0x0800143c       0x14 ./Core/Src/gps.o
                0x0800143c                gpsIsReady
 .text.gpsHasReadyBuffer
                0x08001450       0x20 ./Core/Src/gps.o
                0x08001450                gpsHasReadyBuffer
 .text.gpsGetReadyBuffer
                0x08001470       0x28 ./Core/Src/gps.o
                0x08001470                gpsGetReadyBuffer
 .text.gpsMarkBufferWritten
                0x08001498       0x20 ./Core/Src/gps.o
                0x08001498                gpsMarkBufferWritten
 .text.nmeaToDecimalDegreesString
                0x080014b8      0x4bc ./Core/Src/gps.o
                0x080014b8                nmeaToDecimalDegreesString
 .text.gpsFormatBuffer
                0x08001974      0x230 ./Core/Src/gps.o
                0x08001974                gpsFormatBuffer
 .text.gpsForceReadyBuffer
                0x08001ba4       0x60 ./Core/Src/gps.o
                0x08001ba4                gpsForceReadyBuffer
 .text.MX_I2C2_Init
                0x08001c04       0x5c ./Core/Src/i2c.o
                0x08001c04                MX_I2C2_Init
 .text.HAL_I2C_MspInit
                0x08001c60       0x80 ./Core/Src/i2c.o
                0x08001c60                HAL_I2C_MspInit
 .text.HAL_UART_RxCpltCallback
                0x08001ce0       0x3c ./Core/Src/main.o
                0x08001ce0                HAL_UART_RxCpltCallback
 .text.main     0x08001d1c       0x34 ./Core/Src/main.o
                0x08001d1c                main
 .text.SystemClock_Config
                0x08001d50       0x78 ./Core/Src/main.o
                0x08001d50                SystemClock_Config
 .text.Error_Handler
                0x08001dc8        0xc ./Core/Src/main.o
                0x08001dc8                Error_Handler
 .text.MPU6050_Writebyte
                0x08001dd4       0x38 ./Core/Src/mpu6050.o
                0x08001dd4                MPU6050_Writebyte
 .text.MPU6050_Readbyte
                0x08001e0c       0x34 ./Core/Src/mpu6050.o
                0x08001e0c                MPU6050_Readbyte
 .text.MPU6050_Readbytes
                0x08001e40       0x3c ./Core/Src/mpu6050.o
                0x08001e40                MPU6050_Readbytes
 .text.MPU6050_Initialization
                0x08001e7c       0xf4 ./Core/Src/mpu6050.o
                0x08001e7c                MPU6050_Initialization
 .text.MPU6050_Get6AxisRawData
                0x08001f70       0xaa ./Core/Src/mpu6050.o
                0x08001f70                MPU6050_Get6AxisRawData
 *fill*         0x0800201a        0x2 
 .text.MPU6050_Get_LSB_Sensitivity
                0x0800201c       0xac ./Core/Src/mpu6050.o
                0x0800201c                MPU6050_Get_LSB_Sensitivity
 .text.MPU6050_DataConvert
                0x080020c8       0xec ./Core/Src/mpu6050.o
                0x080020c8                MPU6050_DataConvert
 .text.MPU6050_DataReady
                0x080021b4       0x1e ./Core/Src/mpu6050.o
                0x080021b4                MPU6050_DataReady
 .text.MPU6050_ProcessData
                0x080021d2       0x22 ./Core/Src/mpu6050.o
                0x080021d2                MPU6050_ProcessData
 .text.StepDetector_Update
                0x080021f4      0x214 ./Core/Src/mpu6050.o
                0x080021f4                StepDetector_Update
 .text.StepDetector_GetCount
                0x08002408       0x14 ./Core/Src/mpu6050.o
                0x08002408                StepDetector_GetCount
 .text.StepDetector_Reset
                0x0800241c       0x34 ./Core/Src/mpu6050.o
                0x0800241c                StepDetector_Reset
 .text.MX_SPI1_Init
                0x08002450       0x6c ./Core/Src/spi.o
                0x08002450                MX_SPI1_Init
 .text.MX_SPI2_Init
                0x080024bc       0x6c ./Core/Src/spi.o
                0x080024bc                MX_SPI2_Init
 .text.HAL_SPI_MspInit
                0x08002528      0x10c ./Core/Src/spi.o
                0x08002528                HAL_SPI_MspInit
 .text.ST7735_Select
                0x08002634       0x18 ./Core/Src/st7735.o
 .text.ST7735_Unselect
                0x0800264c       0x18 ./Core/Src/st7735.o
                0x0800264c                ST7735_Unselect
 .text.ST7735_Reset
                0x08002664       0x28 ./Core/Src/st7735.o
 .text.ST7735_WriteCommand
                0x0800268c       0x34 ./Core/Src/st7735.o
 .text.ST7735_WriteData
                0x080026c0       0x34 ./Core/Src/st7735.o
 .text.ST7735_ExecuteCommandList
                0x080026f4       0x92 ./Core/Src/st7735.o
 .text.ST7735_SetAddressWindow
                0x08002786       0x78 ./Core/Src/st7735.o
 *fill*         0x080027fe        0x2 
 .text.ST7735_Init
                0x08002800       0x34 ./Core/Src/st7735.o
                0x08002800                ST7735_Init
 .text.ST7735_WriteChar
                0x08002834       0xee ./Core/Src/st7735.o
 .text.ST7735_WriteString
                0x08002922       0x94 ./Core/Src/st7735.o
                0x08002922                ST7735_WriteString
 *fill*         0x080029b6        0x2 
 .text.ST7735_FillRectangle
                0x080029b8       0xe4 ./Core/Src/st7735.o
                0x080029b8                ST7735_FillRectangle
 .text.ST7735_FillRectangleFast
                0x08002a9c      0x108 ./Core/Src/st7735.o
                0x08002a9c                ST7735_FillRectangleFast
 .text.ST7735_FillScreen
                0x08002ba4       0x22 ./Core/Src/st7735.o
                0x08002ba4                ST7735_FillScreen
 .text.ST7735_FillScreenFast
                0x08002bc6       0x22 ./Core/Src/st7735.o
                0x08002bc6                ST7735_FillScreenFast
 .text.HAL_MspInit
                0x08002be8       0x64 ./Core/Src/stm32f1xx_hal_msp.o
                0x08002be8                HAL_MspInit
 .text.NMI_Handler
                0x08002c4c        0x8 ./Core/Src/stm32f1xx_it.o
                0x08002c4c                NMI_Handler
 .text.HardFault_Handler
                0x08002c54        0x8 ./Core/Src/stm32f1xx_it.o
                0x08002c54                HardFault_Handler
 .text.MemManage_Handler
                0x08002c5c        0x8 ./Core/Src/stm32f1xx_it.o
                0x08002c5c                MemManage_Handler
 .text.BusFault_Handler
                0x08002c64        0x8 ./Core/Src/stm32f1xx_it.o
                0x08002c64                BusFault_Handler
 .text.UsageFault_Handler
                0x08002c6c        0x8 ./Core/Src/stm32f1xx_it.o
                0x08002c6c                UsageFault_Handler
 .text.SVC_Handler
                0x08002c74        0xc ./Core/Src/stm32f1xx_it.o
                0x08002c74                SVC_Handler
 .text.DebugMon_Handler
                0x08002c80        0xc ./Core/Src/stm32f1xx_it.o
                0x08002c80                DebugMon_Handler
 .text.PendSV_Handler
                0x08002c8c        0xc ./Core/Src/stm32f1xx_it.o
                0x08002c8c                PendSV_Handler
 .text.SysTick_Handler
                0x08002c98       0x3c ./Core/Src/stm32f1xx_it.o
                0x08002c98                SysTick_Handler
 .text.TIM4_IRQHandler
                0x08002cd4       0x14 ./Core/Src/stm32f1xx_it.o
                0x08002cd4                TIM4_IRQHandler
 .text.USART1_IRQHandler
                0x08002ce8       0x14 ./Core/Src/stm32f1xx_it.o
                0x08002ce8                USART1_IRQHandler
 .text._sbrk    0x08002cfc       0x6c ./Core/Src/sysmem.o
                0x08002cfc                _sbrk
 .text.HAL_TIM_PeriodElapsedCallback
                0x08002d68       0x30 ./Core/Src/system_state.o
                0x08002d68                HAL_TIM_PeriodElapsedCallback
 .text.checkButton
                0x08002d98       0x60 ./Core/Src/system_state.o
                0x08002d98                checkButton
 .text.systemState_Init
                0x08002df8      0x1e0 ./Core/Src/system_state.o
                0x08002df8                systemState_Init
 .text.systemState_Run
                0x08002fd8      0x540 ./Core/Src/system_state.o
                0x08002fd8                systemState_Run
 .text.SystemInit
                0x08003518        0xc ./Core/Src/system_stm32f1xx.o
                0x08003518                SystemInit
 .text.MX_TIM4_Init
                0x08003524       0x9c ./Core/Src/tim.o
                0x08003524                MX_TIM4_Init
 .text.HAL_TIM_Base_MspInit
                0x080035c0       0x4c ./Core/Src/tim.o
                0x080035c0                HAL_TIM_Base_MspInit
 .text.MX_USART1_UART_Init
                0x0800360c       0x54 ./Core/Src/usart.o
                0x0800360c                MX_USART1_UART_Init
 .text.HAL_UART_MspInit
                0x08003660       0xa8 ./Core/Src/usart.o
                0x08003660                HAL_UART_MspInit
 .text.Reset_Handler
                0x08003708       0x48 ./Core/Startup/startup_stm32f103c8tx.o
                0x08003708                Reset_Handler
 .text.Default_Handler
                0x08003750        0x2 ./Core/Startup/startup_stm32f103c8tx.o
                0x08003750                USBWakeUp_IRQHandler
                0x08003750                EXTI2_IRQHandler
                0x08003750                TIM1_CC_IRQHandler
                0x08003750                PVD_IRQHandler
                0x08003750                EXTI3_IRQHandler
                0x08003750                EXTI0_IRQHandler
                0x08003750                I2C2_EV_IRQHandler
                0x08003750                ADC1_2_IRQHandler
                0x08003750                SPI1_IRQHandler
                0x08003750                TAMPER_IRQHandler
                0x08003750                DMA1_Channel4_IRQHandler
                0x08003750                USART3_IRQHandler
                0x08003750                RTC_IRQHandler
                0x08003750                DMA1_Channel7_IRQHandler
                0x08003750                CAN1_RX1_IRQHandler
                0x08003750                I2C1_EV_IRQHandler
                0x08003750                DMA1_Channel6_IRQHandler
                0x08003750                TIM3_IRQHandler
                0x08003750                RCC_IRQHandler
                0x08003750                TIM1_TRG_COM_IRQHandler
                0x08003750                DMA1_Channel1_IRQHandler
                0x08003750                Default_Handler
                0x08003750                EXTI15_10_IRQHandler
                0x08003750                EXTI9_5_IRQHandler
                0x08003750                SPI2_IRQHandler
                0x08003750                DMA1_Channel5_IRQHandler
                0x08003750                EXTI4_IRQHandler
                0x08003750                USB_LP_CAN1_RX0_IRQHandler
                0x08003750                USB_HP_CAN1_TX_IRQHandler
                0x08003750                DMA1_Channel3_IRQHandler
                0x08003750                TIM1_UP_IRQHandler
                0x08003750                WWDG_IRQHandler
                0x08003750                TIM2_IRQHandler
                0x08003750                TIM1_BRK_IRQHandler
                0x08003750                EXTI1_IRQHandler
                0x08003750                USART2_IRQHandler
                0x08003750                I2C2_ER_IRQHandler
                0x08003750                DMA1_Channel2_IRQHandler
                0x08003750                CAN1_SCE_IRQHandler
                0x08003750                FLASH_IRQHandler
                0x08003750                I2C1_ER_IRQHandler
                0x08003750                RTC_Alarm_IRQHandler
 *fill*         0x08003752        0x2 
 .text.HAL_Init
                0x08003754       0x2c ./Drivers/STM32F1xx_HAL_Driver/Src/stm32f1xx_hal.o
                0x08003754                HAL_Init
 .text.HAL_InitTick
                0x08003780       0x60 ./Drivers/STM32F1xx_HAL_Driver/Src/stm32f1xx_hal.o
                0x08003780                HAL_InitTick
 .text.HAL_IncTick
                0x080037e0       0x24 ./Drivers/STM32F1xx_HAL_Driver/Src/stm32f1xx_hal.o
                0x080037e0                HAL_IncTick
 .text.HAL_GetTick
                0x08003804       0x14 ./Drivers/STM32F1xx_HAL_Driver/Src/stm32f1xx_hal.o
                0x08003804                HAL_GetTick
 .text.HAL_Delay
                0x08003818       0x48 ./Drivers/STM32F1xx_HAL_Driver/Src/stm32f1xx_hal.o
                0x08003818                HAL_Delay
 .text.__NVIC_SetPriorityGrouping
                0x08003860       0x48 ./Drivers/STM32F1xx_HAL_Driver/Src/stm32f1xx_hal_cortex.o
 .text.__NVIC_GetPriorityGrouping
                0x080038a8       0x1c ./Drivers/STM32F1xx_HAL_Driver/Src/stm32f1xx_hal_cortex.o
 .text.__NVIC_EnableIRQ
                0x080038c4       0x38 ./Drivers/STM32F1xx_HAL_Driver/Src/stm32f1xx_hal_cortex.o
 .text.__NVIC_SetPriority
                0x080038fc       0x54 ./Drivers/STM32F1xx_HAL_Driver/Src/stm32f1xx_hal_cortex.o
 .text.NVIC_EncodePriority
                0x08003950       0x64 ./Drivers/STM32F1xx_HAL_Driver/Src/stm32f1xx_hal_cortex.o
 .text.SysTick_Config
                0x080039b4       0x44 ./Drivers/STM32F1xx_HAL_Driver/Src/stm32f1xx_hal_cortex.o
 .text.HAL_NVIC_SetPriorityGrouping
                0x080039f8       0x16 ./Drivers/STM32F1xx_HAL_Driver/Src/stm32f1xx_hal_cortex.o
                0x080039f8                HAL_NVIC_SetPriorityGrouping
 .text.HAL_NVIC_SetPriority
                0x08003a0e       0x38 ./Drivers/STM32F1xx_HAL_Driver/Src/stm32f1xx_hal_cortex.o
                0x08003a0e                HAL_NVIC_SetPriority
 .text.HAL_NVIC_EnableIRQ
                0x08003a46       0x1c ./Drivers/STM32F1xx_HAL_Driver/Src/stm32f1xx_hal_cortex.o
                0x08003a46                HAL_NVIC_EnableIRQ
 .text.HAL_SYSTICK_Config
                0x08003a62       0x18 ./Drivers/STM32F1xx_HAL_Driver/Src/stm32f1xx_hal_cortex.o
                0x08003a62                HAL_SYSTICK_Config
 .text.HAL_DMA_Abort
                0x08003a7a       0x76 ./Drivers/STM32F1xx_HAL_Driver/Src/stm32f1xx_hal_dma.o
                0x08003a7a                HAL_DMA_Abort
 .text.HAL_DMA_Abort_IT
                0x08003af0       0xf0 ./Drivers/STM32F1xx_HAL_Driver/Src/stm32f1xx_hal_dma.o
                0x08003af0                HAL_DMA_Abort_IT
 .text.HAL_GPIO_Init
                0x08003be0      0x308 ./Drivers/STM32F1xx_HAL_Driver/Src/stm32f1xx_hal_gpio.o
                0x08003be0                HAL_GPIO_Init
 .text.HAL_GPIO_ReadPin
                0x08003ee8       0x2e ./Drivers/STM32F1xx_HAL_Driver/Src/stm32f1xx_hal_gpio.o
                0x08003ee8                HAL_GPIO_ReadPin
 .text.HAL_GPIO_WritePin
                0x08003f16       0x30 ./Drivers/STM32F1xx_HAL_Driver/Src/stm32f1xx_hal_gpio.o
                0x08003f16                HAL_GPIO_WritePin
 *fill*         0x08003f46        0x2 
 .text.HAL_I2C_Init
                0x08003f48      0x288 ./Drivers/STM32F1xx_HAL_Driver/Src/stm32f1xx_hal_i2c.o
                0x08003f48                HAL_I2C_Init
 .text.HAL_I2C_Mem_Write
                0x080041d0      0x1f4 ./Drivers/STM32F1xx_HAL_Driver/Src/stm32f1xx_hal_i2c.o
                0x080041d0                HAL_I2C_Mem_Write
 .text.HAL_I2C_Mem_Read
                0x080043c4      0x4e8 ./Drivers/STM32F1xx_HAL_Driver/Src/stm32f1xx_hal_i2c.o
                0x080043c4                HAL_I2C_Mem_Read
 .text.I2C_RequestMemoryWrite
                0x080048ac      0x12c ./Drivers/STM32F1xx_HAL_Driver/Src/stm32f1xx_hal_i2c.o
 .text.I2C_RequestMemoryRead
                0x080049d8      0x1d0 ./Drivers/STM32F1xx_HAL_Driver/Src/stm32f1xx_hal_i2c.o
 .text.I2C_WaitOnFlagUntilTimeout
                0x08004ba8       0xf4 ./Drivers/STM32F1xx_HAL_Driver/Src/stm32f1xx_hal_i2c.o
 .text.I2C_WaitOnMasterAddressFlagUntilTimeout
                0x08004c9c      0x140 ./Drivers/STM32F1xx_HAL_Driver/Src/stm32f1xx_hal_i2c.o
 .text.I2C_WaitOnTXEFlagUntilTimeout
                0x08004ddc       0x90 ./Drivers/STM32F1xx_HAL_Driver/Src/stm32f1xx_hal_i2c.o
 .text.I2C_WaitOnBTFFlagUntilTimeout
                0x08004e6c       0x90 ./Drivers/STM32F1xx_HAL_Driver/Src/stm32f1xx_hal_i2c.o
 .text.I2C_WaitOnRXNEFlagUntilTimeout
                0x08004efc       0xba ./Drivers/STM32F1xx_HAL_Driver/Src/stm32f1xx_hal_i2c.o
 .text.I2C_IsAcknowledgeFailed
                0x08004fb6       0x5c ./Drivers/STM32F1xx_HAL_Driver/Src/stm32f1xx_hal_i2c.o
 *fill*         0x08005012        0x2 
 .text.HAL_RCC_OscConfig
                0x08005014      0x504 ./Drivers/STM32F1xx_HAL_Driver/Src/stm32f1xx_hal_rcc.o
                0x08005014                HAL_RCC_OscConfig
 .text.HAL_RCC_ClockConfig
                0x08005518      0x1d4 ./Drivers/STM32F1xx_HAL_Driver/Src/stm32f1xx_hal_rcc.o
                0x08005518                HAL_RCC_ClockConfig
 .text.HAL_RCC_GetSysClockFreq
                0x080056ec       0xa8 ./Drivers/STM32F1xx_HAL_Driver/Src/stm32f1xx_hal_rcc.o
                0x080056ec                HAL_RCC_GetSysClockFreq
 .text.HAL_RCC_GetHCLKFreq
                0x08005794       0x14 ./Drivers/STM32F1xx_HAL_Driver/Src/stm32f1xx_hal_rcc.o
                0x08005794                HAL_RCC_GetHCLKFreq
 .text.HAL_RCC_GetPCLK1Freq
                0x080057a8       0x28 ./Drivers/STM32F1xx_HAL_Driver/Src/stm32f1xx_hal_rcc.o
                0x080057a8                HAL_RCC_GetPCLK1Freq
 .text.HAL_RCC_GetPCLK2Freq
                0x080057d0       0x28 ./Drivers/STM32F1xx_HAL_Driver/Src/stm32f1xx_hal_rcc.o
                0x080057d0                HAL_RCC_GetPCLK2Freq
 .text.RCC_Delay
                0x080057f8       0x3c ./Drivers/STM32F1xx_HAL_Driver/Src/stm32f1xx_hal_rcc.o
 .text.HAL_SPI_Init
                0x08005834      0x108 ./Drivers/STM32F1xx_HAL_Driver/Src/stm32f1xx_hal_spi.o
                0x08005834                HAL_SPI_Init
 .text.HAL_SPI_Transmit
                0x0800593c      0x288 ./Drivers/STM32F1xx_HAL_Driver/Src/stm32f1xx_hal_spi.o
                0x0800593c                HAL_SPI_Transmit
 .text.HAL_SPI_TransmitReceive
                0x08005bc4      0x352 ./Drivers/STM32F1xx_HAL_Driver/Src/stm32f1xx_hal_spi.o
                0x08005bc4                HAL_SPI_TransmitReceive
 *fill*         0x08005f16        0x2 
 .text.SPI_WaitFlagStateUntilTimeout
                0x08005f18      0x110 ./Drivers/STM32F1xx_HAL_Driver/Src/stm32f1xx_hal_spi.o
 .text.SPI_EndRxTxTransaction
                0x08006028       0x62 ./Drivers/STM32F1xx_HAL_Driver/Src/stm32f1xx_hal_spi.o
 .text.HAL_TIM_Base_Init
                0x0800608a       0x9e ./Drivers/STM32F1xx_HAL_Driver/Src/stm32f1xx_hal_tim.o
                0x0800608a                HAL_TIM_Base_Init
 .text.HAL_TIM_Base_Start_IT
                0x08006128       0xa4 ./Drivers/STM32F1xx_HAL_Driver/Src/stm32f1xx_hal_tim.o
                0x08006128                HAL_TIM_Base_Start_IT
 .text.HAL_TIM_Base_Stop_IT
                0x080061cc       0x5c ./Drivers/STM32F1xx_HAL_Driver/Src/stm32f1xx_hal_tim.o
                0x080061cc                HAL_TIM_Base_Stop_IT
 .text.HAL_TIM_IRQHandler
                0x08006228      0x1e0 ./Drivers/STM32F1xx_HAL_Driver/Src/stm32f1xx_hal_tim.o
                0x08006228                HAL_TIM_IRQHandler
 .text.HAL_TIM_ConfigClockSource
                0x08006408      0x18e ./Drivers/STM32F1xx_HAL_Driver/Src/stm32f1xx_hal_tim.o
                0x08006408                HAL_TIM_ConfigClockSource
 .text.HAL_TIM_OC_DelayElapsedCallback
                0x08006596       0x12 ./Drivers/STM32F1xx_HAL_Driver/Src/stm32f1xx_hal_tim.o
                0x08006596                HAL_TIM_OC_DelayElapsedCallback
 .text.HAL_TIM_IC_CaptureCallback
                0x080065a8       0x12 ./Drivers/STM32F1xx_HAL_Driver/Src/stm32f1xx_hal_tim.o
                0x080065a8                HAL_TIM_IC_CaptureCallback
 .text.HAL_TIM_PWM_PulseFinishedCallback
                0x080065ba       0x12 ./Drivers/STM32F1xx_HAL_Driver/Src/stm32f1xx_hal_tim.o
                0x080065ba                HAL_TIM_PWM_PulseFinishedCallback
 .text.HAL_TIM_TriggerCallback
                0x080065cc       0x12 ./Drivers/STM32F1xx_HAL_Driver/Src/stm32f1xx_hal_tim.o
                0x080065cc                HAL_TIM_TriggerCallback
 *fill*         0x080065de        0x2 
 .text.TIM_Base_SetConfig
                0x080065e0       0xdc ./Drivers/STM32F1xx_HAL_Driver/Src/stm32f1xx_hal_tim.o
                0x080065e0                TIM_Base_SetConfig
 .text.TIM_TI1_ConfigInputStage
                0x080066bc       0x5c ./Drivers/STM32F1xx_HAL_Driver/Src/stm32f1xx_hal_tim.o
 .text.TIM_TI2_ConfigInputStage
                0x08006718       0x5e ./Drivers/STM32F1xx_HAL_Driver/Src/stm32f1xx_hal_tim.o
 .text.TIM_ITRx_SetConfig
                0x08006776       0x34 ./Drivers/STM32F1xx_HAL_Driver/Src/stm32f1xx_hal_tim.o
 .text.TIM_ETR_SetConfig
                0x080067aa       0x3e ./Drivers/STM32F1xx_HAL_Driver/Src/stm32f1xx_hal_tim.o
                0x080067aa                TIM_ETR_SetConfig
 .text.HAL_TIMEx_MasterConfigSynchronization
                0x080067e8       0xbc ./Drivers/STM32F1xx_HAL_Driver/Src/stm32f1xx_hal_tim_ex.o
                0x080067e8                HAL_TIMEx_MasterConfigSynchronization
 .text.HAL_TIMEx_CommutCallback
                0x080068a4       0x12 ./Drivers/STM32F1xx_HAL_Driver/Src/stm32f1xx_hal_tim_ex.o
                0x080068a4                HAL_TIMEx_CommutCallback
 .text.HAL_TIMEx_BreakCallback
                0x080068b6       0x12 ./Drivers/STM32F1xx_HAL_Driver/Src/stm32f1xx_hal_tim_ex.o
                0x080068b6                HAL_TIMEx_BreakCallback
 .text.HAL_UART_Init
                0x080068c8       0xa0 ./Drivers/STM32F1xx_HAL_Driver/Src/stm32f1xx_hal_uart.o
                0x080068c8                HAL_UART_Init
 .text.HAL_UART_Transmit
                0x08006968      0x116 ./Drivers/STM32F1xx_HAL_Driver/Src/stm32f1xx_hal_uart.o
                0x08006968                HAL_UART_Transmit
 .text.HAL_UART_Receive_IT
                0x08006a7e       0x4a ./Drivers/STM32F1xx_HAL_Driver/Src/stm32f1xx_hal_uart.o
                0x08006a7e                HAL_UART_Receive_IT
 .text.HAL_UART_IRQHandler
                0x08006ac8      0x524 ./Drivers/STM32F1xx_HAL_Driver/Src/stm32f1xx_hal_uart.o
                0x08006ac8                HAL_UART_IRQHandler
 .text.HAL_UART_TxCpltCallback
                0x08006fec       0x12 ./Drivers/STM32F1xx_HAL_Driver/Src/stm32f1xx_hal_uart.o
                0x08006fec                HAL_UART_TxCpltCallback
 .text.HAL_UART_ErrorCallback
                0x08006ffe       0x12 ./Drivers/STM32F1xx_HAL_Driver/Src/stm32f1xx_hal_uart.o
                0x08006ffe                HAL_UART_ErrorCallback
 .text.HAL_UARTEx_RxEventCallback
                0x08007010       0x16 ./Drivers/STM32F1xx_HAL_Driver/Src/stm32f1xx_hal_uart.o
                0x08007010                HAL_UARTEx_RxEventCallback
 .text.UART_WaitOnFlagUntilTimeout
                0x08007026       0xb2 ./Drivers/STM32F1xx_HAL_Driver/Src/stm32f1xx_hal_uart.o
 .text.UART_Start_Receive_IT
                0x080070d8       0x72 ./Drivers/STM32F1xx_HAL_Driver/Src/stm32f1xx_hal_uart.o
                0x080070d8                UART_Start_Receive_IT
 .text.UART_EndRxTransfer
                0x0800714a       0xc4 ./Drivers/STM32F1xx_HAL_Driver/Src/stm32f1xx_hal_uart.o
 .text.UART_DMAAbortOnError
                0x0800720e       0x28 ./Drivers/STM32F1xx_HAL_Driver/Src/stm32f1xx_hal_uart.o
 .text.UART_Transmit_IT
                0x08007236       0x9e ./Drivers/STM32F1xx_HAL_Driver/Src/stm32f1xx_hal_uart.o
 .text.UART_EndTransmit_IT
                0x080072d4       0x30 ./Drivers/STM32F1xx_HAL_Driver/Src/stm32f1xx_hal_uart.o
 .text.UART_Receive_IT
                0x08007304      0x17c ./Drivers/STM32F1xx_HAL_Driver/Src/stm32f1xx_hal_uart.o
 .text.UART_SetConfig
                0x08007480      0x11c ./Drivers/STM32F1xx_HAL_Driver/Src/stm32f1xx_hal_uart.o
 .text.MX_FATFS_Init
                0x0800759c       0x24 ./FATFS/App/fatfs.o
                0x0800759c                MX_FATFS_Init
 .text.get_fattime
                0x080075c0        0xe ./FATFS/App/fatfs.o
                0x080075c0                get_fattime
 .text.USER_initialize
                0x080075ce       0x1e ./FATFS/Target/user_diskio.o
                0x080075ce                USER_initialize
 .text.USER_status
                0x080075ec       0x1e ./FATFS/Target/user_diskio.o
                0x080075ec                USER_status
 .text.USER_read
                0x0800760a       0x28 ./FATFS/Target/user_diskio.o
                0x0800760a                USER_read
 .text.USER_write
                0x08007632       0x28 ./FATFS/Target/user_diskio.o
                0x08007632                USER_write
 .text.USER_ioctl
                0x0800765a       0x28 ./FATFS/Target/user_diskio.o
                0x0800765a                USER_ioctl
 *fill*         0x08007682        0x2 
 .text.disk_status
                0x08007684       0x34 ./Middlewares/Third_Party/FatFs/src/diskio.o
                0x08007684                disk_status
 .text.disk_initialize
                0x080076b8       0x4c ./Middlewares/Third_Party/FatFs/src/diskio.o
                0x080076b8                disk_initialize
 .text.disk_read
                0x08007704       0x40 ./Middlewares/Third_Party/FatFs/src/diskio.o
                0x08007704                disk_read
 .text.disk_write
                0x08007744       0x40 ./Middlewares/Third_Party/FatFs/src/diskio.o
                0x08007744                disk_write
 .text.disk_ioctl
                0x08007784       0x3c ./Middlewares/Third_Party/FatFs/src/diskio.o
                0x08007784                disk_ioctl
 .text.mem_cpy  0x080077c0       0x3c ./Middlewares/Third_Party/FatFs/src/ff.o
 .text.mem_set  0x080077fc       0x34 ./Middlewares/Third_Party/FatFs/src/ff.o
 .text.mem_cmp  0x08007830       0x4c ./Middlewares/Third_Party/FatFs/src/ff.o
 .text.chk_chr  0x0800787c       0x34 ./Middlewares/Third_Party/FatFs/src/ff.o
 .text.chk_lock
                0x080078b0       0xe0 ./Middlewares/Third_Party/FatFs/src/ff.o
 .text.enq_lock
                0x08007990       0x48 ./Middlewares/Third_Party/FatFs/src/ff.o
 .text.inc_lock
                0x080079d8      0x178 ./Middlewares/Third_Party/FatFs/src/ff.o
 .text.dec_lock
                0x08007b50       0x88 ./Middlewares/Third_Party/FatFs/src/ff.o
 .text.clear_lock
                0x08007bd8       0x54 ./Middlewares/Third_Party/FatFs/src/ff.o
 .text.sync_window
                0x08007c2c       0xa4 ./Middlewares/Third_Party/FatFs/src/ff.o
 .text.move_window
                0x08007cd0       0x64 ./Middlewares/Third_Party/FatFs/src/ff.o
 .text.sync_fs  0x08007d34      0x17e ./Middlewares/Third_Party/FatFs/src/ff.o
 .text.clust2sect
                0x08007eb2       0x48 ./Middlewares/Third_Party/FatFs/src/ff.o
                0x08007eb2                clust2sect
 .text.get_fat  0x08007efa      0x1f8 ./Middlewares/Third_Party/FatFs/src/ff.o
                0x08007efa                get_fat
 .text.put_fat  0x080080f2      0x2a6 ./Middlewares/Third_Party/FatFs/src/ff.o
                0x080080f2                put_fat
 .text.remove_chain
                0x08008398       0xc2 ./Middlewares/Third_Party/FatFs/src/ff.o
 .text.create_chain
                0x0800845a      0x150 ./Middlewares/Third_Party/FatFs/src/ff.o
 .text.clmt_clust
                0x080085aa       0x80 ./Middlewares/Third_Party/FatFs/src/ff.o
 .text.dir_sdi  0x0800862a      0x19c ./Middlewares/Third_Party/FatFs/src/ff.o
 .text.dir_next
                0x080087c6      0x294 ./Middlewares/Third_Party/FatFs/src/ff.o
 .text.dir_alloc
                0x08008a5a       0x9c ./Middlewares/Third_Party/FatFs/src/ff.o
 .text.ld_clust
                0x08008af6       0x60 ./Middlewares/Third_Party/FatFs/src/ff.o
 .text.st_clust
                0x08008b56       0x4c ./Middlewares/Third_Party/FatFs/src/ff.o
 *fill*         0x08008ba2        0x2 
 .text.cmp_lfn  0x08008ba4       0xdc ./Middlewares/Third_Party/FatFs/src/ff.o
 .text.fit_lfn  0x08008c80       0xe8 ./Middlewares/Third_Party/FatFs/src/ff.o
 .text.gen_numname
                0x08008d68      0x11c ./Middlewares/Third_Party/FatFs/src/ff.o
 .text.sum_sfn  0x08008e84       0x40 ./Middlewares/Third_Party/FatFs/src/ff.o
 .text.dir_find
                0x08008ec4      0x198 ./Middlewares/Third_Party/FatFs/src/ff.o
 .text.dir_register
                0x0800905c      0x248 ./Middlewares/Third_Party/FatFs/src/ff.o
 .text.create_name
                0x080092a4      0x37c ./Middlewares/Third_Party/FatFs/src/ff.o
 .text.follow_path
                0x08009620       0xec ./Middlewares/Third_Party/FatFs/src/ff.o
 .text.get_ldnumber
                0x0800970c       0x86 ./Middlewares/Third_Party/FatFs/src/ff.o
 *fill*         0x08009792        0x2 
 .text.check_fs
                0x08009794       0xdc ./Middlewares/Third_Party/FatFs/src/ff.o
 .text.find_volume
                0x08009870      0x670 ./Middlewares/Third_Party/FatFs/src/ff.o
 .text.validate
                0x08009ee0       0x76 ./Middlewares/Third_Party/FatFs/src/ff.o
 *fill*         0x08009f56        0x2 
 .text.f_mount  0x08009f58       0x94 ./Middlewares/Third_Party/FatFs/src/ff.o
                0x08009f58                f_mount
 .text.f_open   0x08009fec      0x628 ./Middlewares/Third_Party/FatFs/src/ff.o
                0x08009fec                f_open
 .text.f_write  0x0800a614      0x472 ./Middlewares/Third_Party/FatFs/src/ff.o
                0x0800a614                f_write
 .text.f_sync   0x0800aa86      0x19c ./Middlewares/Third_Party/FatFs/src/ff.o
                0x0800aa86                f_sync
 .text.f_close  0x0800ac22       0x56 ./Middlewares/Third_Party/FatFs/src/ff.o
                0x0800ac22                f_close
 .text.f_lseek  0x0800ac78      0x5e2 ./Middlewares/Third_Party/FatFs/src/ff.o
                0x0800ac78                f_lseek
 .text.putc_bfd
                0x0800b25a       0x7a ./Middlewares/Third_Party/FatFs/src/ff.o
 .text.f_puts   0x0800b2d4       0x72 ./Middlewares/Third_Party/FatFs/src/ff.o
                0x0800b2d4                f_puts
 *fill*         0x0800b346        0x2 
 .text.FATFS_LinkDriverEx
                0x0800b348       0x94 ./Middlewares/Third_Party/FatFs/src/ff_gen_drv.o
                0x0800b348                FATFS_LinkDriverEx
 .text.FATFS_LinkDriver
                0x0800b3dc       0x1e ./Middlewares/Third_Party/FatFs/src/ff_gen_drv.o
                0x0800b3dc                FATFS_LinkDriver
 *fill*         0x0800b3fa        0x2 
 .text.ff_convert
                0x0800b3fc       0x74 ./Middlewares/Third_Party/FatFs/src/option/ccsbcs.o
                0x0800b3fc                ff_convert
 .text.ff_wtoupper
                0x0800b470       0x5c ./Middlewares/Third_Party/FatFs/src/option/ccsbcs.o
                0x0800b470                ff_wtoupper
 .text.atoi     0x0800b4cc        0x8 /Applications/STM32CubeIDE.app/Contents/Eclipse/plugins/com.st.stm32cube.ide.mcu.externaltools.gnu-tools-for-stm32.13.3.rel1.macos64_1.0.0.202411102158/tools/bin/../lib/gcc/arm-none-eabi/13.3.1/../../../../arm-none-eabi/lib/thumb/v7-m/nofp/libc_nano.a(libc_a-atoi.o)
                0x0800b4cc                atoi
 .text.malloc   0x0800b4d4       0x10 /Applications/STM32CubeIDE.app/Contents/Eclipse/plugins/com.st.stm32cube.ide.mcu.externaltools.gnu-tools-for-stm32.13.3.rel1.macos64_1.0.0.202411102158/tools/bin/../lib/gcc/arm-none-eabi/13.3.1/../../../../arm-none-eabi/lib/thumb/v7-m/nofp/libc_nano.a(libc_a-malloc.o)
                0x0800b4d4                malloc
 .text.free     0x0800b4e4       0x10 /Applications/STM32CubeIDE.app/Contents/Eclipse/plugins/com.st.stm32cube.ide.mcu.externaltools.gnu-tools-for-stm32.13.3.rel1.macos64_1.0.0.202411102158/tools/bin/../lib/gcc/arm-none-eabi/13.3.1/../../../../arm-none-eabi/lib/thumb/v7-m/nofp/libc_nano.a(libc_a-malloc.o)
                0x0800b4e4                free
 .text.sbrk_aligned
                0x0800b4f4       0x44 /Applications/STM32CubeIDE.app/Contents/Eclipse/plugins/com.st.stm32cube.ide.mcu.externaltools.gnu-tools-for-stm32.13.3.rel1.macos64_1.0.0.202411102158/tools/bin/../lib/gcc/arm-none-eabi/13.3.1/../../../../arm-none-eabi/lib/thumb/v7-m/nofp/libc_nano.a(libc_a-mallocr.o)
 .text._malloc_r
                0x0800b538      0x100 /Applications/STM32CubeIDE.app/Contents/Eclipse/plugins/com.st.stm32cube.ide.mcu.externaltools.gnu-tools-for-stm32.13.3.rel1.macos64_1.0.0.202411102158/tools/bin/../lib/gcc/arm-none-eabi/13.3.1/../../../../arm-none-eabi/lib/thumb/v7-m/nofp/libc_nano.a(libc_a-mallocr.o)
                0x0800b538                _malloc_r
 .text.snprintf
                0x0800b638       0x6c /Applications/STM32CubeIDE.app/Contents/Eclipse/plugins/com.st.stm32cube.ide.mcu.externaltools.gnu-tools-for-stm32.13.3.rel1.macos64_1.0.0.202411102158/tools/bin/../lib/gcc/arm-none-eabi/13.3.1/../../../../arm-none-eabi/lib/thumb/v7-m/nofp/libc_nano.a(libc_a-snprintf.o)
                0x0800b638                snprintf
                0x0800b638                sniprintf
 .text.__malloc_lock
                0x0800b6a4        0xc /Applications/STM32CubeIDE.app/Contents/Eclipse/plugins/com.st.stm32cube.ide.mcu.externaltools.gnu-tools-for-stm32.13.3.rel1.macos64_1.0.0.202411102158/tools/bin/../lib/gcc/arm-none-eabi/13.3.1/../../../../arm-none-eabi/lib/thumb/v7-m/nofp/libc_nano.a(libc_a-mlock.o)
                0x0800b6a4                __malloc_lock
 .text.__malloc_unlock
                0x0800b6b0        0xc /Applications/STM32CubeIDE.app/Contents/Eclipse/plugins/com.st.stm32cube.ide.mcu.externaltools.gnu-tools-for-stm32.13.3.rel1.macos64_1.0.0.202411102158/tools/bin/../lib/gcc/arm-none-eabi/13.3.1/../../../../arm-none-eabi/lib/thumb/v7-m/nofp/libc_nano.a(libc_a-mlock.o)
                0x0800b6b0                __malloc_unlock
 .text.sscanf   0x0800b6bc       0x58 /Applications/STM32CubeIDE.app/Contents/Eclipse/plugins/com.st.stm32cube.ide.mcu.externaltools.gnu-tools-for-stm32.13.3.rel1.macos64_1.0.0.202411102158/tools/bin/../lib/gcc/arm-none-eabi/13.3.1/../../../../arm-none-eabi/lib/thumb/v7-m/nofp/libc_nano.a(libc_a-sscanf.o)
                0x0800b6bc                sscanf
                0x0800b6bc                siscanf
 .text.__seofread
                0x0800b714        0x4 /Applications/STM32CubeIDE.app/Contents/Eclipse/plugins/com.st.stm32cube.ide.mcu.externaltools.gnu-tools-for-stm32.13.3.rel1.macos64_1.0.0.202411102158/tools/bin/../lib/gcc/arm-none-eabi/13.3.1/../../../../arm-none-eabi/lib/thumb/v7-m/nofp/libc_nano.a(libc_a-stdio.o)
                0x0800b714                __seofread
 .text._strtol_l.isra.0
                0x0800b718       0xf4 /Applications/STM32CubeIDE.app/Contents/Eclipse/plugins/com.st.stm32cube.ide.mcu.externaltools.gnu-tools-for-stm32.13.3.rel1.macos64_1.0.0.202411102158/tools/bin/../lib/gcc/arm-none-eabi/13.3.1/../../../../arm-none-eabi/lib/thumb/v7-m/nofp/libc_nano.a(libc_a-strtol.o)
 .text._strtol_r
                0x0800b80c        0x4 /Applications/STM32CubeIDE.app/Contents/Eclipse/plugins/com.st.stm32cube.ide.mcu.externaltools.gnu-tools-for-stm32.13.3.rel1.macos64_1.0.0.202411102158/tools/bin/../lib/gcc/arm-none-eabi/13.3.1/../../../../arm-none-eabi/lib/thumb/v7-m/nofp/libc_nano.a(libc_a-strtol.o)
                0x0800b80c                _strtol_r
 .text.strtol   0x0800b810       0x14 /Applications/STM32CubeIDE.app/Contents/Eclipse/plugins/com.st.stm32cube.ide.mcu.externaltools.gnu-tools-for-stm32.13.3.rel1.macos64_1.0.0.202411102158/tools/bin/../lib/gcc/arm-none-eabi/13.3.1/../../../../arm-none-eabi/lib/thumb/v7-m/nofp/libc_nano.a(libc_a-strtol.o)
                0x0800b810                strtol
 .text.memset   0x0800b824       0x10 /Applications/STM32CubeIDE.app/Contents/Eclipse/plugins/com.st.stm32cube.ide.mcu.externaltools.gnu-tools-for-stm32.13.3.rel1.macos64_1.0.0.202411102158/tools/bin/../lib/gcc/arm-none-eabi/13.3.1/../../../../arm-none-eabi/lib/thumb/v7-m/nofp/libc_nano.a(libc_a-memset.o)
                0x0800b824                memset
 .text.strchr   0x0800b834       0x1a /Applications/STM32CubeIDE.app/Contents/Eclipse/plugins/com.st.stm32cube.ide.mcu.externaltools.gnu-tools-for-stm32.13.3.rel1.macos64_1.0.0.202411102158/tools/bin/../lib/gcc/arm-none-eabi/13.3.1/../../../../arm-none-eabi/lib/thumb/v7-m/nofp/libc_nano.a(libc_a-strchr.o)
                0x0800b834                strchr
 .text.strncmp  0x0800b84e       0x24 /Applications/STM32CubeIDE.app/Contents/Eclipse/plugins/com.st.stm32cube.ide.mcu.externaltools.gnu-tools-for-stm32.13.3.rel1.macos64_1.0.0.202411102158/tools/bin/../lib/gcc/arm-none-eabi/13.3.1/../../../../arm-none-eabi/lib/thumb/v7-m/nofp/libc_nano.a(libc_a-strncmp.o)
                0x0800b84e                strncmp
 *fill*         0x0800b872        0x2 
 .text._sbrk_r  0x0800b874       0x20 /Applications/STM32CubeIDE.app/Contents/Eclipse/plugins/com.st.stm32cube.ide.mcu.externaltools.gnu-tools-for-stm32.13.3.rel1.macos64_1.0.0.202411102158/tools/bin/../lib/gcc/arm-none-eabi/13.3.1/../../../../arm-none-eabi/lib/thumb/v7-m/nofp/libc_nano.a(libc_a-sbrkr.o)
                0x0800b874                _sbrk_r
 .text.__errno  0x0800b894        0xc /Applications/STM32CubeIDE.app/Contents/Eclipse/plugins/com.st.stm32cube.ide.mcu.externaltools.gnu-tools-for-stm32.13.3.rel1.macos64_1.0.0.202411102158/tools/bin/../lib/gcc/arm-none-eabi/13.3.1/../../../../arm-none-eabi/lib/thumb/v7-m/nofp/libc_nano.a(libc_a-errno.o)
                0x0800b894                __errno
 .text.__libc_init_array
                0x0800b8a0       0x48 /Applications/STM32CubeIDE.app/Contents/Eclipse/plugins/com.st.stm32cube.ide.mcu.externaltools.gnu-tools-for-stm32.13.3.rel1.macos64_1.0.0.202411102158/tools/bin/../lib/gcc/arm-none-eabi/13.3.1/../../../../arm-none-eabi/lib/thumb/v7-m/nofp/libc_nano.a(libc_a-init.o)
                0x0800b8a0                __libc_init_array
 .text.__retarget_lock_acquire_recursive
                0x0800b8e8        0x2 /Applications/STM32CubeIDE.app/Contents/Eclipse/plugins/com.st.stm32cube.ide.mcu.externaltools.gnu-tools-for-stm32.13.3.rel1.macos64_1.0.0.202411102158/tools/bin/../lib/gcc/arm-none-eabi/13.3.1/../../../../arm-none-eabi/lib/thumb/v7-m/nofp/libc_nano.a(libc_a-lock.o)
                0x0800b8e8                __retarget_lock_acquire_recursive
 .text.__retarget_lock_release_recursive
                0x0800b8ea        0x2 /Applications/STM32CubeIDE.app/Contents/Eclipse/plugins/com.st.stm32cube.ide.mcu.externaltools.gnu-tools-for-stm32.13.3.rel1.macos64_1.0.0.202411102158/tools/bin/../lib/gcc/arm-none-eabi/13.3.1/../../../../arm-none-eabi/lib/thumb/v7-m/nofp/libc_nano.a(libc_a-lock.o)
                0x0800b8ea                __retarget_lock_release_recursive
 .text.strcpy   0x0800b8ec       0x10 /Applications/STM32CubeIDE.app/Contents/Eclipse/plugins/com.st.stm32cube.ide.mcu.externaltools.gnu-tools-for-stm32.13.3.rel1.macos64_1.0.0.202411102158/tools/bin/../lib/gcc/arm-none-eabi/13.3.1/../../../../arm-none-eabi/lib/thumb/v7-m/nofp/libc_nano.a(libc_a-strcpy.o)
                0x0800b8ec                strcpy
 .text.memcpy   0x0800b8fc       0x1c /Applications/STM32CubeIDE.app/Contents/Eclipse/plugins/com.st.stm32cube.ide.mcu.externaltools.gnu-tools-for-stm32.13.3.rel1.macos64_1.0.0.202411102158/tools/bin/../lib/gcc/arm-none-eabi/13.3.1/../../../../arm-none-eabi/lib/thumb/v7-m/nofp/libc_nano.a(libc_a-memcpy-stub.o)
                0x0800b8fc                memcpy
 .text._free_r  0x0800b918       0x90 /Applications/STM32CubeIDE.app/Contents/Eclipse/plugins/com.st.stm32cube.ide.mcu.externaltools.gnu-tools-for-stm32.13.3.rel1.macos64_1.0.0.202411102158/tools/bin/../lib/gcc/arm-none-eabi/13.3.1/../../../../arm-none-eabi/lib/thumb/v7-m/nofp/libc_nano.a(libc_a-freer.o)
                0x0800b918                _free_r
 .text.__ssputs_r
                0x0800b9a8       0xb6 /Applications/STM32CubeIDE.app/Contents/Eclipse/plugins/com.st.stm32cube.ide.mcu.externaltools.gnu-tools-for-stm32.13.3.rel1.macos64_1.0.0.202411102158/tools/bin/../lib/gcc/arm-none-eabi/13.3.1/../../../../arm-none-eabi/lib/thumb/v7-m/nofp/libc_nano.a(libc_a-nano-svfprintf.o)
                0x0800b9a8                __ssputs_r
 *fill*         0x0800ba5e        0x2 
 .text._svfprintf_r
                0x0800ba60      0x1f8 /Applications/STM32CubeIDE.app/Contents/Eclipse/plugins/com.st.stm32cube.ide.mcu.externaltools.gnu-tools-for-stm32.13.3.rel1.macos64_1.0.0.202411102158/tools/bin/../lib/gcc/arm-none-eabi/13.3.1/../../../../arm-none-eabi/lib/thumb/v7-m/nofp/libc_nano.a(libc_a-nano-svfprintf.o)
                0x0800ba60                _svfprintf_r
                0x0800ba60                _svfiprintf_r
 .text._sungetc_r
                0x0800bc58       0x7a /Applications/STM32CubeIDE.app/Contents/Eclipse/plugins/com.st.stm32cube.ide.mcu.externaltools.gnu-tools-for-stm32.13.3.rel1.macos64_1.0.0.202411102158/tools/bin/../lib/gcc/arm-none-eabi/13.3.1/../../../../arm-none-eabi/lib/thumb/v7-m/nofp/libc_nano.a(libc_a-nano-svfscanf.o)
                0x0800bc58                _sungetc_r
 .text.__ssrefill_r
                0x0800bcd2       0x3a /Applications/STM32CubeIDE.app/Contents/Eclipse/plugins/com.st.stm32cube.ide.mcu.externaltools.gnu-tools-for-stm32.13.3.rel1.macos64_1.0.0.202411102158/tools/bin/../lib/gcc/arm-none-eabi/13.3.1/../../../../arm-none-eabi/lib/thumb/v7-m/nofp/libc_nano.a(libc_a-nano-svfscanf.o)
                0x0800bcd2                __ssrefill_r
 .text.__ssvfscanf_r
                0x0800bd0c      0x2e8 /Applications/STM32CubeIDE.app/Contents/Eclipse/plugins/com.st.stm32cube.ide.mcu.externaltools.gnu-tools-for-stm32.13.3.rel1.macos64_1.0.0.202411102158/tools/bin/../lib/gcc/arm-none-eabi/13.3.1/../../../../arm-none-eabi/lib/thumb/v7-m/nofp/libc_nano.a(libc_a-nano-svfscanf.o)
                0x0800bd0c                __ssvfscanf_r
                0x0800bd0c                __ssvfiscanf_r
 .text._printf_common
                0x0800bff4       0xe4 /Applications/STM32CubeIDE.app/Contents/Eclipse/plugins/com.st.stm32cube.ide.mcu.externaltools.gnu-tools-for-stm32.13.3.rel1.macos64_1.0.0.202411102158/tools/bin/../lib/gcc/arm-none-eabi/13.3.1/../../../../arm-none-eabi/lib/thumb/v7-m/nofp/libc_nano.a(libc_a-nano-vfprintf_i.o)
                0x0800bff4                _printf_common
 .text._printf_i
                0x0800c0d8      0x23c /Applications/STM32CubeIDE.app/Contents/Eclipse/plugins/com.st.stm32cube.ide.mcu.externaltools.gnu-tools-for-stm32.13.3.rel1.macos64_1.0.0.202411102158/tools/bin/../lib/gcc/arm-none-eabi/13.3.1/../../../../arm-none-eabi/lib/thumb/v7-m/nofp/libc_nano.a(libc_a-nano-vfprintf_i.o)
                0x0800c0d8                _printf_i
 .text._scanf_chars
                0x0800c314       0xb4 /Applications/STM32CubeIDE.app/Contents/Eclipse/plugins/com.st.stm32cube.ide.mcu.externaltools.gnu-tools-for-stm32.13.3.rel1.macos64_1.0.0.202411102158/tools/bin/../lib/gcc/arm-none-eabi/13.3.1/../../../../arm-none-eabi/lib/thumb/v7-m/nofp/libc_nano.a(libc_a-nano-vfscanf_i.o)
                0x0800c314                _scanf_chars
 .text._scanf_i
                0x0800c3c8      0x1e4 /Applications/STM32CubeIDE.app/Contents/Eclipse/plugins/com.st.stm32cube.ide.mcu.externaltools.gnu-tools-for-stm32.13.3.rel1.macos64_1.0.0.202411102158/tools/bin/../lib/gcc/arm-none-eabi/13.3.1/../../../../arm-none-eabi/lib/thumb/v7-m/nofp/libc_nano.a(libc_a-nano-vfscanf_i.o)
                0x0800c3c8                _scanf_i
 .text.__sccl   0x0800c5ac       0x72 /Applications/STM32CubeIDE.app/Contents/Eclipse/plugins/com.st.stm32cube.ide.mcu.externaltools.gnu-tools-for-stm32.13.3.rel1.macos64_1.0.0.202411102158/tools/bin/../lib/gcc/arm-none-eabi/13.3.1/../../../../arm-none-eabi/lib/thumb/v7-m/nofp/libc_nano.a(libc_a-sccl.o)
                0x0800c5ac                __sccl
 .text.__submore
                0x0800c61e       0x70 /Applications/STM32CubeIDE.app/Contents/Eclipse/plugins/com.st.stm32cube.ide.mcu.externaltools.gnu-tools-for-stm32.13.3.rel1.macos64_1.0.0.202411102158/tools/bin/../lib/gcc/arm-none-eabi/13.3.1/../../../../arm-none-eabi/lib/thumb/v7-m/nofp/libc_nano.a(libc_a-ungetc.o)
                0x0800c61e                __submore
 .text._realloc_r
                0x0800c68e       0x5c /Applications/STM32CubeIDE.app/Contents/Eclipse/plugins/com.st.stm32cube.ide.mcu.externaltools.gnu-tools-for-stm32.13.3.rel1.macos64_1.0.0.202411102158/tools/bin/../lib/gcc/arm-none-eabi/13.3.1/../../../../arm-none-eabi/lib/thumb/v7-m/nofp/libc_nano.a(libc_a-reallocr.o)
                0x0800c68e                _realloc_r
 *fill*         0x0800c6ea        0x2 
 .text._strtoul_l.isra.0
                0x0800c6ec       0xdc /Applications/STM32CubeIDE.app/Contents/Eclipse/plugins/com.st.stm32cube.ide.mcu.externaltools.gnu-tools-for-stm32.13.3.rel1.macos64_1.0.0.202411102158/tools/bin/../lib/gcc/arm-none-eabi/13.3.1/../../../../arm-none-eabi/lib/thumb/v7-m/nofp/libc_nano.a(libc_a-strtoul.o)
 .text._strtoul_r
                0x0800c7c8        0x4 /Applications/STM32CubeIDE.app/Contents/Eclipse/plugins/com.st.stm32cube.ide.mcu.externaltools.gnu-tools-for-stm32.13.3.rel1.macos64_1.0.0.202411102158/tools/bin/../lib/gcc/arm-none-eabi/13.3.1/../../../../arm-none-eabi/lib/thumb/v7-m/nofp/libc_nano.a(libc_a-strtoul.o)
                0x0800c7c8                _strtoul_r
 .text.memmove  0x0800c7cc       0x34 /Applications/STM32CubeIDE.app/Contents/Eclipse/plugins/com.st.stm32cube.ide.mcu.externaltools.gnu-tools-for-stm32.13.3.rel1.macos64_1.0.0.202411102158/tools/bin/../lib/gcc/arm-none-eabi/13.3.1/../../../../arm-none-eabi/lib/thumb/v7-m/nofp/libc_nano.a(libc_a-memmove.o)
                0x0800c7cc                memmove
 .text.memchr   0x0800c800       0x1c /Applications/STM32CubeIDE.app/Contents/Eclipse/plugins/com.st.stm32cube.ide.mcu.externaltools.gnu-tools-for-stm32.13.3.rel1.macos64_1.0.0.202411102158/tools/bin/../lib/gcc/arm-none-eabi/13.3.1/../../../../arm-none-eabi/lib/thumb/v7-m/nofp/libc_nano.a(libc_a-memchr-stub.o)
                0x0800c800                memchr
 .text._malloc_usable_size_r
                0x0800c81c       0x10 /Applications/STM32CubeIDE.app/Contents/Eclipse/plugins/com.st.stm32cube.ide.mcu.externaltools.gnu-tools-for-stm32.13.3.rel1.macos64_1.0.0.202411102158/tools/bin/../lib/gcc/arm-none-eabi/13.3.1/../../../../arm-none-eabi/lib/thumb/v7-m/nofp/libc_nano.a(libc_a-msizer.o)
                0x0800c81c                _malloc_usable_size_r
 *(.glue_7)
 .glue_7        0x0800c82c        0x0 linker stubs
 *(.glue_7t)
 .glue_7t       0x0800c82c        0x0 linker stubs
 *(.eh_frame)
 .eh_frame      0x0800c82c        0x0 /Applications/STM32CubeIDE.app/Contents/Eclipse/plugins/com.st.stm32cube.ide.mcu.externaltools.gnu-tools-for-stm32.13.3.rel1.macos64_1.0.0.202411102158/tools/bin/../lib/gcc/arm-none-eabi/13.3.1/thumb/v7-m/nofp/crtbegin.o
 *(.init)
 .init          0x0800c82c        0x4 /Applications/STM32CubeIDE.app/Contents/Eclipse/plugins/com.st.stm32cube.ide.mcu.externaltools.gnu-tools-for-stm32.13.3.rel1.macos64_1.0.0.202411102158/tools/bin/../lib/gcc/arm-none-eabi/13.3.1/thumb/v7-m/nofp/crti.o
                0x0800c82c                _init
 .init          0x0800c830        0x8 /Applications/STM32CubeIDE.app/Contents/Eclipse/plugins/com.st.stm32cube.ide.mcu.externaltools.gnu-tools-for-stm32.13.3.rel1.macos64_1.0.0.202411102158/tools/bin/../lib/gcc/arm-none-eabi/13.3.1/thumb/v7-m/nofp/crtn.o
 *(.fini)
 .fini          0x0800c838        0x4 /Applications/STM32CubeIDE.app/Contents/Eclipse/plugins/com.st.stm32cube.ide.mcu.externaltools.gnu-tools-for-stm32.13.3.rel1.macos64_1.0.0.202411102158/tools/bin/../lib/gcc/arm-none-eabi/13.3.1/thumb/v7-m/nofp/crti.o
                0x0800c838                _fini
 .fini          0x0800c83c        0x8 /Applications/STM32CubeIDE.app/Contents/Eclipse/plugins/com.st.stm32cube.ide.mcu.externaltools.gnu-tools-for-stm32.13.3.rel1.macos64_1.0.0.202411102158/tools/bin/../lib/gcc/arm-none-eabi/13.3.1/thumb/v7-m/nofp/crtn.o
                0x0800c844                        . = ALIGN (0x4)
                0x0800c844                        _etext = .

.vfp11_veneer   0x0800c844        0x0
 .vfp11_veneer  0x0800c844        0x0 linker stubs

.v4_bx          0x0800c844        0x0
 .v4_bx         0x0800c844        0x0 linker stubs

.iplt           0x0800c844        0x0
 .iplt          0x0800c844        0x0 /Applications/STM32CubeIDE.app/Contents/Eclipse/plugins/com.st.stm32cube.ide.mcu.externaltools.gnu-tools-for-stm32.13.3.rel1.macos64_1.0.0.202411102158/tools/bin/../lib/gcc/arm-none-eabi/13.3.1/thumb/v7-m/nofp/crtbegin.o

.rodata         0x0800c844     0x1f04
                0x0800c844                        . = ALIGN (0x4)
 *(.rodata)
 .rodata        0x0800c844      0x14a ./Core/Src/gps.o
 *fill*         0x0800c98e        0x2 
 .rodata        0x0800c990      0x157 ./Core/Src/system_state.o
 *fill*         0x0800cae7        0x1 
 .rodata        0x0800cae8       0x48 ./Middlewares/Third_Party/FatFs/src/ff.o
 .rodata        0x0800cb30        0xc /Applications/STM32CubeIDE.app/Contents/Eclipse/plugins/com.st.stm32cube.ide.mcu.externaltools.gnu-tools-for-stm32.13.3.rel1.macos64_1.0.0.202411102158/tools/bin/../lib/gcc/arm-none-eabi/13.3.1/../../../../arm-none-eabi/lib/thumb/v7-m/nofp/libc_nano.a(libc_a-nano-vfscanf_i.o)
 *(.rodata*)
 .rodata.Font7x10
                0x0800cb3c      0x76c ./Core/Src/fonts.o
 .rodata.Font11x18
                0x0800d2a8      0xd5c ./Core/Src/fonts.o
 .rodata.init_cmds1
                0x0800e004       0x3b ./Core/Src/st7735.o
 *fill*         0x0800e03f        0x1 
 .rodata.init_cmds2
                0x0800e040        0xf ./Core/Src/st7735.o
 *fill*         0x0800e04f        0x1 
 .rodata.init_cmds3
                0x0800e050       0x2b ./Core/Src/st7735.o
 *fill*         0x0800e07b        0x1 
 .rodata.AHBPrescTable
                0x0800e07c       0x10 ./Core/Src/system_stm32f1xx.o
                0x0800e07c                AHBPrescTable
 .rodata.APBPrescTable
                0x0800e08c        0x8 ./Core/Src/system_stm32f1xx.o
                0x0800e08c                APBPrescTable
 .rodata.aPLLMULFactorTable.1
                0x0800e094       0x10 ./Drivers/STM32F1xx_HAL_Driver/Src/stm32f1xx_hal_rcc.o
 .rodata.aPredivFactorTable.0
                0x0800e0a4        0x2 ./Drivers/STM32F1xx_HAL_Driver/Src/stm32f1xx_hal_rcc.o
 *fill*         0x0800e0a6        0x2 
 .rodata.ExCvt  0x0800e0a8       0x80 ./Middlewares/Third_Party/FatFs/src/ff.o
 .rodata.LfnOfs
                0x0800e128        0xd ./Middlewares/Third_Party/FatFs/src/ff.o
 *fill*         0x0800e135        0x3 
 .rodata.Tbl    0x0800e138      0x100 ./Middlewares/Third_Party/FatFs/src/option/ccsbcs.o
 .rodata.tbl_lower.1
                0x0800e238      0x1e0 ./Middlewares/Third_Party/FatFs/src/option/ccsbcs.o
 .rodata.tbl_upper.0
                0x0800e418      0x1e0 ./Middlewares/Third_Party/FatFs/src/option/ccsbcs.o
 .rodata._ctype_
                0x0800e5f8      0x101 /Applications/STM32CubeIDE.app/Contents/Eclipse/plugins/com.st.stm32cube.ide.mcu.externaltools.gnu-tools-for-stm32.13.3.rel1.macos64_1.0.0.202411102158/tools/bin/../lib/gcc/arm-none-eabi/13.3.1/../../../../arm-none-eabi/lib/thumb/v7-m/nofp/libc_nano.a(libc_a-ctype_.o)
                0x0800e5f8                _ctype_
 .rodata._svfprintf_r.str1.1
                0x0800e6f9       0x4e /Applications/STM32CubeIDE.app/Contents/Eclipse/plugins/com.st.stm32cube.ide.mcu.externaltools.gnu-tools-for-stm32.13.3.rel1.macos64_1.0.0.202411102158/tools/bin/../lib/gcc/arm-none-eabi/13.3.1/../../../../arm-none-eabi/lib/thumb/v7-m/nofp/libc_nano.a(libc_a-nano-svfprintf.o)
                                 0x11 (size before relaxing)
 .rodata.__ssvfscanf_r.str1.1
                0x0800e747        0x4 /Applications/STM32CubeIDE.app/Contents/Eclipse/plugins/com.st.stm32cube.ide.mcu.externaltools.gnu-tools-for-stm32.13.3.rel1.macos64_1.0.0.202411102158/tools/bin/../lib/gcc/arm-none-eabi/13.3.1/../../../../arm-none-eabi/lib/thumb/v7-m/nofp/libc_nano.a(libc_a-nano-svfscanf.o)
 .rodata._printf_i.str1.1
                0x0800e747       0x22 /Applications/STM32CubeIDE.app/Contents/Eclipse/plugins/com.st.stm32cube.ide.mcu.externaltools.gnu-tools-for-stm32.13.3.rel1.macos64_1.0.0.202411102158/tools/bin/../lib/gcc/arm-none-eabi/13.3.1/../../../../arm-none-eabi/lib/thumb/v7-m/nofp/libc_nano.a(libc_a-nano-vfprintf_i.o)
 .rodata._scanf_i.str1.1
                0x0800e747       0x12 /Applications/STM32CubeIDE.app/Contents/Eclipse/plugins/com.st.stm32cube.ide.mcu.externaltools.gnu-tools-for-stm32.13.3.rel1.macos64_1.0.0.202411102158/tools/bin/../lib/gcc/arm-none-eabi/13.3.1/../../../../arm-none-eabi/lib/thumb/v7-m/nofp/libc_nano.a(libc_a-nano-vfscanf_i.o)
 .rodata.str1.1
                0x0800e747        0x9 /Applications/STM32CubeIDE.app/Contents/Eclipse/plugins/com.st.stm32cube.ide.mcu.externaltools.gnu-tools-for-stm32.13.3.rel1.macos64_1.0.0.202411102158/tools/bin/../lib/gcc/arm-none-eabi/13.3.1/../../../../arm-none-eabi/lib/thumb/v7-m/nofp/libc_nano.a(libc_a-nano-vfscanf_i.o)
                0x0800e76c                        . = ALIGN (0x4)
 *fill*         0x0800e747        0x1 

.ARM.extab      0x0800e748        0x0
                0x0800e748                        . = ALIGN (0x4)
 *(.ARM.extab* .gnu.linkonce.armextab.*)
                0x0800e748                        . = ALIGN (0x4)

.ARM            0x0800e748        0x8
                0x0800e748                        . = ALIGN (0x4)
                0x0800e748                        __exidx_start = .
 *(.ARM.exidx*)
 .ARM.exidx     0x0800e748        0x8 /Applications/STM32CubeIDE.app/Contents/Eclipse/plugins/com.st.stm32cube.ide.mcu.externaltools.gnu-tools-for-stm32.13.3.rel1.macos64_1.0.0.202411102158/tools/bin/../lib/gcc/arm-none-eabi/13.3.1/../../../../arm-none-eabi/lib/thumb/v7-m/nofp/libc_nano.a(libc_a-strlen.o)
 .ARM.exidx     0x0800e750        0x0 /Applications/STM32CubeIDE.app/Contents/Eclipse/plugins/com.st.stm32cube.ide.mcu.externaltools.gnu-tools-for-stm32.13.3.rel1.macos64_1.0.0.202411102158/tools/bin/../lib/gcc/arm-none-eabi/13.3.1/thumb/v7-m/nofp/libgcc.a(_udivmoddi4.o)
                                  0x8 (size before relaxing)
                0x0800e750                        __exidx_end = .
                0x0800e750                        . = ALIGN (0x4)

.preinit_array  0x0800e750        0x0
                0x0800e750                        . = ALIGN (0x4)
                0x0800e750                        PROVIDE (__preinit_array_start = .)
 *(.preinit_array*)
                0x0800e750                        PROVIDE (__preinit_array_end = .)
                0x0800e750                        . = ALIGN (0x4)

.init_array     0x0800e750        0x4
                0x0800e750                        . = ALIGN (0x4)
                0x0800e750                        PROVIDE (__init_array_start = .)
 *(SORT_BY_NAME(.init_array.*))
 *(.init_array*)
 .init_array    0x0800e750        0x4 /Applications/STM32CubeIDE.app/Contents/Eclipse/plugins/com.st.stm32cube.ide.mcu.externaltools.gnu-tools-for-stm32.13.3.rel1.macos64_1.0.0.202411102158/tools/bin/../lib/gcc/arm-none-eabi/13.3.1/thumb/v7-m/nofp/crtbegin.o
                0x0800e754                        PROVIDE (__init_array_end = .)
                0x0800e754                        . = ALIGN (0x4)

.fini_array     0x0800e754        0x4
                0x0800e754                        . = ALIGN (0x4)
                [!provide]                        PROVIDE (__fini_array_start = .)
 *(SORT_BY_NAME(.fini_array.*))
 *(.fini_array*)
 .fini_array    0x0800e754        0x4 /Applications/STM32CubeIDE.app/Contents/Eclipse/plugins/com.st.stm32cube.ide.mcu.externaltools.gnu-tools-for-stm32.13.3.rel1.macos64_1.0.0.202411102158/tools/bin/../lib/gcc/arm-none-eabi/13.3.1/thumb/v7-m/nofp/crtbegin.o
                [!provide]                        PROVIDE (__fini_array_end = .)
                0x0800e758                        . = ALIGN (0x4)
                0x0800e758                        _sidata = LOADADDR (.data)

.rel.dyn        0x0800e758        0x0
 .rel.iplt      0x0800e758        0x0 /Applications/STM32CubeIDE.app/Contents/Eclipse/plugins/com.st.stm32cube.ide.mcu.externaltools.gnu-tools-for-stm32.13.3.rel1.macos64_1.0.0.202411102158/tools/bin/../lib/gcc/arm-none-eabi/13.3.1/thumb/v7-m/nofp/crtbegin.o

.data           0x20000000       0xbc load address 0x0800e758
                0x20000000                        . = ALIGN (0x4)
                0x20000000                        _sdata = .
 *(.data)
 *(.data*)
 .data.Stat     0x20000000        0x1 ./Core/Src/fatfs_sd.o
 *fill*         0x20000001        0x3 
 .data.Font_7x10
                0x20000004        0x8 ./Core/Src/fonts.o
                0x20000004                Font_7x10
 .data.Font_11x18
                0x2000000c        0x8 ./Core/Src/fonts.o
                0x2000000c                Font_11x18
 .data.activeBuffer
                0x20000014        0x4 ./Core/Src/gps.o
 .data.lastUtcTime
                0x20000018       0x10 ./Core/Src/gps.o
 .data.lastUtcDate
                0x20000028       0x10 ./Core/Src/gps.o
 .data.lastVelocity
                0x20000038       0x10 ./Core/Src/gps.o
 .data.lastButtonState
                0x20000048        0x1 ./Core/Src/system_state.o
 *fill*         0x20000049        0x3 
 .data.SystemCoreClock
                0x2000004c        0x4 ./Core/Src/system_stm32f1xx.o
                0x2000004c                SystemCoreClock
 .data.uwTickPrio
                0x20000050        0x4 ./Drivers/STM32F1xx_HAL_Driver/Src/stm32f1xx_hal.o
                0x20000050                uwTickPrio
 .data.uwTickFreq
                0x20000054        0x1 ./Drivers/STM32F1xx_HAL_Driver/Src/stm32f1xx_hal.o
                0x20000054                uwTickFreq
 *fill*         0x20000055        0x3 
 .data.USER_Driver
                0x20000058       0x14 ./FATFS/Target/user_diskio.o
                0x20000058                USER_Driver
 .data._impure_ptr
                0x2000006c        0x4 /Applications/STM32CubeIDE.app/Contents/Eclipse/plugins/com.st.stm32cube.ide.mcu.externaltools.gnu-tools-for-stm32.13.3.rel1.macos64_1.0.0.202411102158/tools/bin/../lib/gcc/arm-none-eabi/13.3.1/../../../../arm-none-eabi/lib/thumb/v7-m/nofp/libc_nano.a(libc_a-impure.o)
                0x2000006c                _impure_ptr
 .data._impure_data
                0x20000070       0x4c /Applications/STM32CubeIDE.app/Contents/Eclipse/plugins/com.st.stm32cube.ide.mcu.externaltools.gnu-tools-for-stm32.13.3.rel1.macos64_1.0.0.202411102158/tools/bin/../lib/gcc/arm-none-eabi/13.3.1/../../../../arm-none-eabi/lib/thumb/v7-m/nofp/libc_nano.a(libc_a-impure.o)
                0x20000070                _impure_data
 *(.RamFunc)
 *(.RamFunc*)
                0x200000bc                        . = ALIGN (0x4)
                0x200000bc                        _edata = .

.igot.plt       0x200000bc        0x0 load address 0x0800e814
 .igot.plt      0x200000bc        0x0 /Applications/STM32CubeIDE.app/Contents/Eclipse/plugins/com.st.stm32cube.ide.mcu.externaltools.gnu-tools-for-stm32.13.3.rel1.macos64_1.0.0.202411102158/tools/bin/../lib/gcc/arm-none-eabi/13.3.1/thumb/v7-m/nofp/crtbegin.o
                0x200000bc                        . = ALIGN (0x4)

.bss            0x200000c0     0x2eb4 load address 0x0800e814
                0x200000c0                        _sbss = .
                0x200000c0                        __bss_start__ = _sbss
 *(.bss)
 .bss           0x200000c0       0x1c /Applications/STM32CubeIDE.app/Contents/Eclipse/plugins/com.st.stm32cube.ide.mcu.externaltools.gnu-tools-for-stm32.13.3.rel1.macos64_1.0.0.202411102158/tools/bin/../lib/gcc/arm-none-eabi/13.3.1/thumb/v7-m/nofp/crtbegin.o
 *(.bss*)
 .bss.Timer1    0x200000dc        0x2 ./Core/Src/fatfs_sd.o
                0x200000dc                Timer1
 .bss.Timer2    0x200000de        0x2 ./Core/Src/fatfs_sd.o
                0x200000de                Timer2
 .bss.CardType  0x200000e0        0x1 ./Core/Src/fatfs_sd.o
 .bss.PowerFlag
                0x200000e1        0x1 ./Core/Src/fatfs_sd.o
 *fill*         0x200000e2        0x2 
 .bss.gpsBufferA
                0x200000e4      0x400 ./Core/Src/gps.o
 .bss.gpsBufferB
                0x200004e4      0x400 ./Core/Src/gps.o
 .bss.readyBuffer
                0x200008e4        0x4 ./Core/Src/gps.o
 .bss.writeIndex
                0x200008e8        0x2 ./Core/Src/gps.o
 *fill*         0x200008ea        0x2 
 .bss.bufferFull
                0x200008ec        0x4 ./Core/Src/gps.o
 .bss.gpsReady  0x200008f0        0x1 ./Core/Src/gps.o
 *fill*         0x200008f1        0x3 
 .bss.nmeaBuffer
                0x200008f4       0x80 ./Core/Src/gps.o
 .bss.nmeaIndex
                0x20000974        0x1 ./Core/Src/gps.o
 *fill*         0x20000975        0x3 
 .bss.lastSaveTime
                0x20000978        0x4 ./Core/Src/gps.o
 .bss.gpsValidFix
                0x2000097c        0x1 ./Core/Src/gps.o
 *fill*         0x2000097d        0x3 
 .bss.hi2c2     0x20000980       0x54 ./Core/Src/i2c.o
                0x20000980                hi2c2
 .bss.fs        0x200009d4     0x1030 ./Core/Src/main.o
                0x200009d4                fs
 .bss.rxByte    0x20001a04        0x1 ./Core/Src/main.o
                0x20001a04                rxByte
 *fill*         0x20001a05        0x3 
 .bss.MPU6050   0x20001a08       0x2c ./Core/Src/mpu6050.o
                0x20001a08                MPU6050
 .bss.LSB_Sensitivity_ACC
                0x20001a34        0x4 ./Core/Src/mpu6050.o
 .bss.LSB_Sensitivity_GYRO
                0x20001a38        0x4 ./Core/Src/mpu6050.o
 .bss.stepCount
                0x20001a3c        0x4 ./Core/Src/mpu6050.o
 .bss.lastStepTime
                0x20001a40        0x4 ./Core/Src/mpu6050.o
 *fill*         0x20001a44        0x4 
 .bss.gravitySq
                0x20001a48        0x8 ./Core/Src/mpu6050.o
 .bss.hspi1     0x20001a50       0x58 ./Core/Src/spi.o
                0x20001a50                hspi1
 .bss.hspi2     0x20001aa8       0x58 ./Core/Src/spi.o
                0x20001aa8                hspi2
 .bss.__sbrk_heap_end
                0x20001b00        0x4 ./Core/Src/sysmem.o
 .bss.currentState
                0x20001b04        0x1 ./Core/Src/system_state.o
 *fill*         0x20001b05        0x3 
 .bss.lastActionTime
                0x20001b08        0x4 ./Core/Src/system_state.o
 .bss.fil       0x20001b0c     0x102c ./Core/Src/system_state.o
 .bss.gpsOK     0x20002b38        0x1 ./Core/Src/system_state.o
 .bss.sdOK      0x20002b39        0x1 ./Core/Src/system_state.o
 .bss.mpuOK     0x20002b3a        0x1 ./Core/Src/system_state.o
 *fill*         0x20002b3b        0x1 
 .bss.stopwatchSec
                0x20002b3c        0x4 ./Core/Src/system_state.o
                0x20002b3c                stopwatchSec
 .bss.stopwatchRunning
                0x20002b40        0x1 ./Core/Src/system_state.o
 *fill*         0x20002b41        0x3 
 .bss.lastDisplayedSec
                0x20002b44        0x4 ./Core/Src/system_state.o
 .bss.stepsStr  0x20002b48       0x14 ./Core/Src/system_state.o
                0x20002b48                stepsStr
 .bss.buttonPressed
                0x20002b5c        0x1 ./Core/Src/system_state.o
                0x20002b5c                buttonPressed
 *fill*         0x20002b5d        0x3 
 .bss.lastButtonTime
                0x20002b60        0x4 ./Core/Src/system_state.o
 .bss.htim4     0x20002b64       0x48 ./Core/Src/tim.o
                0x20002b64                htim4
 .bss.huart1    0x20002bac       0x48 ./Core/Src/usart.o
                0x20002bac                huart1
 .bss.uwTick    0x20002bf4        0x4 ./Drivers/STM32F1xx_HAL_Driver/Src/stm32f1xx_hal.o
                0x20002bf4                uwTick
 .bss.retUSER   0x20002bf8        0x1 ./FATFS/App/fatfs.o
                0x20002bf8                retUSER
 *fill*         0x20002bf9        0x3 
 .bss.USERPath  0x20002bfc        0x4 ./FATFS/App/fatfs.o
                0x20002bfc                USERPath
 .bss.FatFs     0x20002c00        0x4 ./Middlewares/Third_Party/FatFs/src/ff.o
 .bss.Fsid      0x20002c04        0x2 ./Middlewares/Third_Party/FatFs/src/ff.o
 *fill*         0x20002c06        0x2 
 .bss.Files     0x20002c08       0x18 ./Middlewares/Third_Party/FatFs/src/ff.o
 .bss.LfnBuf    0x20002c20      0x200 ./Middlewares/Third_Party/FatFs/src/ff.o
 .bss.disk      0x20002e20        0xc ./Middlewares/Third_Party/FatFs/src/ff_gen_drv.o
                0x20002e20                disk
 .bss.__malloc_sbrk_start
                0x20002e2c        0x4 /Applications/STM32CubeIDE.app/Contents/Eclipse/plugins/com.st.stm32cube.ide.mcu.externaltools.gnu-tools-for-stm32.13.3.rel1.macos64_1.0.0.202411102158/tools/bin/../lib/gcc/arm-none-eabi/13.3.1/../../../../arm-none-eabi/lib/thumb/v7-m/nofp/libc_nano.a(libc_a-mallocr.o)
                0x20002e2c                __malloc_sbrk_start
 .bss.__malloc_free_list
                0x20002e30        0x4 /Applications/STM32CubeIDE.app/Contents/Eclipse/plugins/com.st.stm32cube.ide.mcu.externaltools.gnu-tools-for-stm32.13.3.rel1.macos64_1.0.0.202411102158/tools/bin/../lib/gcc/arm-none-eabi/13.3.1/../../../../arm-none-eabi/lib/thumb/v7-m/nofp/libc_nano.a(libc_a-mallocr.o)
                0x20002e30                __malloc_free_list
 .bss.__sf      0x20002e34      0x138 /Applications/STM32CubeIDE.app/Contents/Eclipse/plugins/com.st.stm32cube.ide.mcu.externaltools.gnu-tools-for-stm32.13.3.rel1.macos64_1.0.0.202411102158/tools/bin/../lib/gcc/arm-none-eabi/13.3.1/../../../../arm-none-eabi/lib/thumb/v7-m/nofp/libc_nano.a(libc_a-findfp.o)
                0x20002e34                __sf
 .bss.__lock___malloc_recursive_mutex
                0x20002f6c        0x1 /Applications/STM32CubeIDE.app/Contents/Eclipse/plugins/com.st.stm32cube.ide.mcu.externaltools.gnu-tools-for-stm32.13.3.rel1.macos64_1.0.0.202411102158/tools/bin/../lib/gcc/arm-none-eabi/13.3.1/../../../../arm-none-eabi/lib/thumb/v7-m/nofp/libc_nano.a(libc_a-lock.o)
                0x20002f6c                __lock___malloc_recursive_mutex
 *fill*         0x20002f6d        0x3 
 .bss.errno     0x20002f70        0x4 /Applications/STM32CubeIDE.app/Contents/Eclipse/plugins/com.st.stm32cube.ide.mcu.externaltools.gnu-tools-for-stm32.13.3.rel1.macos64_1.0.0.202411102158/tools/bin/../lib/gcc/arm-none-eabi/13.3.1/../../../../arm-none-eabi/lib/thumb/v7-m/nofp/libc_nano.a(libc_a-reent.o)
                0x20002f70                errno
 *(COMMON)
                0x20002f74                        . = ALIGN (0x4)
                0x20002f74                        _ebss = .
                0x20002f74                        __bss_end__ = _ebss

._user_heap_stack
                0x20002f74      0x604 load address 0x0800e814
                0x20002f78                        . = ALIGN (0x8)
 *fill*         0x20002f74        0x4 
                [!provide]                        PROVIDE (end = .)
                0x20002f78                        PROVIDE (_end = .)
                0x20003178                        . = (. + _Min_Heap_Size)
 *fill*         0x20002f78      0x200 
                0x20003578                        . = (. + _Min_Stack_Size)
 *fill*         0x20003178      0x400 
                0x20003578                        . = ALIGN (0x8)

/DISCARD/
 libc.a(*)
 libm.a(*)
 libgcc.a(*)

.ARM.attributes
                0x00000000       0x29
 *(.ARM.attributes)
 .ARM.attributes
                0x00000000       0x1d /Applications/STM32CubeIDE.app/Contents/Eclipse/plugins/com.st.stm32cube.ide.mcu.externaltools.gnu-tools-for-stm32.13.3.rel1.macos64_1.0.0.202411102158/tools/bin/../lib/gcc/arm-none-eabi/13.3.1/thumb/v7-m/nofp/crti.o
 .ARM.attributes
                0x0000001d       0x2d /Applications/STM32CubeIDE.app/Contents/Eclipse/plugins/com.st.stm32cube.ide.mcu.externaltools.gnu-tools-for-stm32.13.3.rel1.macos64_1.0.0.202411102158/tools/bin/../lib/gcc/arm-none-eabi/13.3.1/thumb/v7-m/nofp/crtbegin.o
 .ARM.attributes
                0x0000004a       0x2d ./Core/Src/fatfs_sd.o
 .ARM.attributes
                0x00000077       0x2d ./Core/Src/fonts.o
 .ARM.attributes
                0x000000a4       0x2d ./Core/Src/gpio.o
 .ARM.attributes
                0x000000d1       0x2d ./Core/Src/gps.o
 .ARM.attributes
                0x000000fe       0x2d ./Core/Src/i2c.o
 .ARM.attributes
                0x0000012b       0x2d ./Core/Src/main.o
 .ARM.attributes
                0x00000158       0x2d ./Core/Src/mpu6050.o
 .ARM.attributes
                0x00000185       0x2d ./Core/Src/spi.o
 .ARM.attributes
                0x000001b2       0x2d ./Core/Src/st7735.o
 .ARM.attributes
                0x000001df       0x2d ./Core/Src/stm32f1xx_hal_msp.o
 .ARM.attributes
                0x0000020c       0x2d ./Core/Src/stm32f1xx_it.o
 .ARM.attributes
                0x00000239       0x2d ./Core/Src/sysmem.o
 .ARM.attributes
                0x00000266       0x2d ./Core/Src/system_state.o
 .ARM.attributes
                0x00000293       0x2d ./Core/Src/system_stm32f1xx.o
 .ARM.attributes
                0x000002c0       0x2d ./Core/Src/tim.o
 .ARM.attributes
                0x000002ed       0x2d ./Core/Src/usart.o
 .ARM.attributes
                0x0000031a       0x21 ./Core/Startup/startup_stm32f103c8tx.o
 .ARM.attributes
                0x0000033b       0x2d ./Drivers/STM32F1xx_HAL_Driver/Src/stm32f1xx_hal.o
 .ARM.attributes
                0x00000368       0x2d ./Drivers/STM32F1xx_HAL_Driver/Src/stm32f1xx_hal_cortex.o
 .ARM.attributes
                0x00000395       0x2d ./Drivers/STM32F1xx_HAL_Driver/Src/stm32f1xx_hal_dma.o
 .ARM.attributes
                0x000003c2       0x2d ./Drivers/STM32F1xx_HAL_Driver/Src/stm32f1xx_hal_gpio.o
 .ARM.attributes
                0x000003ef       0x2d ./Drivers/STM32F1xx_HAL_Driver/Src/stm32f1xx_hal_i2c.o
 .ARM.attributes
                0x0000041c       0x2d ./Drivers/STM32F1xx_HAL_Driver/Src/stm32f1xx_hal_rcc.o
 .ARM.attributes
                0x00000449       0x2d ./Drivers/STM32F1xx_HAL_Driver/Src/stm32f1xx_hal_spi.o
 .ARM.attributes
                0x00000476       0x2d ./Drivers/STM32F1xx_HAL_Driver/Src/stm32f1xx_hal_tim.o
 .ARM.attributes
                0x000004a3       0x2d ./Drivers/STM32F1xx_HAL_Driver/Src/stm32f1xx_hal_tim_ex.o
 .ARM.attributes
                0x000004d0       0x2d ./Drivers/STM32F1xx_HAL_Driver/Src/stm32f1xx_hal_uart.o
 .ARM.attributes
                0x000004fd       0x2d ./FATFS/App/fatfs.o
 .ARM.attributes
                0x0000052a       0x2d ./FATFS/Target/user_diskio.o
 .ARM.attributes
                0x00000557       0x2d ./Middlewares/Third_Party/FatFs/src/diskio.o
 .ARM.attributes
                0x00000584       0x2d ./Middlewares/Third_Party/FatFs/src/ff.o
 .ARM.attributes
                0x000005b1       0x2d ./Middlewares/Third_Party/FatFs/src/ff_gen_drv.o
 .ARM.attributes
                0x000005de       0x2d ./Middlewares/Third_Party/FatFs/src/option/ccsbcs.o
 .ARM.attributes
                0x0000060b       0x2d /Applications/STM32CubeIDE.app/Contents/Eclipse/plugins/com.st.stm32cube.ide.mcu.externaltools.gnu-tools-for-stm32.13.3.rel1.macos64_1.0.0.202411102158/tools/bin/../lib/gcc/arm-none-eabi/13.3.1/../../../../arm-none-eabi/lib/thumb/v7-m/nofp/libc_nano.a(libc_a-atoi.o)
 .ARM.attributes
                0x00000638       0x2d /Applications/STM32CubeIDE.app/Contents/Eclipse/plugins/com.st.stm32cube.ide.mcu.externaltools.gnu-tools-for-stm32.13.3.rel1.macos64_1.0.0.202411102158/tools/bin/../lib/gcc/arm-none-eabi/13.3.1/../../../../arm-none-eabi/lib/thumb/v7-m/nofp/libc_nano.a(libc_a-malloc.o)
 .ARM.attributes
                0x00000665       0x2d /Applications/STM32CubeIDE.app/Contents/Eclipse/plugins/com.st.stm32cube.ide.mcu.externaltools.gnu-tools-for-stm32.13.3.rel1.macos64_1.0.0.202411102158/tools/bin/../lib/gcc/arm-none-eabi/13.3.1/../../../../arm-none-eabi/lib/thumb/v7-m/nofp/libc_nano.a(libc_a-mallocr.o)
 .ARM.attributes
                0x00000692       0x2d /Applications/STM32CubeIDE.app/Contents/Eclipse/plugins/com.st.stm32cube.ide.mcu.externaltools.gnu-tools-for-stm32.13.3.rel1.macos64_1.0.0.202411102158/tools/bin/../lib/gcc/arm-none-eabi/13.3.1/../../../../arm-none-eabi/lib/thumb/v7-m/nofp/libc_nano.a(libc_a-snprintf.o)
 .ARM.attributes
                0x000006bf       0x2d /Applications/STM32CubeIDE.app/Contents/Eclipse/plugins/com.st.stm32cube.ide.mcu.externaltools.gnu-tools-for-stm32.13.3.rel1.macos64_1.0.0.202411102158/tools/bin/../lib/gcc/arm-none-eabi/13.3.1/../../../../arm-none-eabi/lib/thumb/v7-m/nofp/libc_nano.a(libc_a-mlock.o)
 .ARM.attributes
                0x000006ec       0x2d /Applications/STM32CubeIDE.app/Contents/Eclipse/plugins/com.st.stm32cube.ide.mcu.externaltools.gnu-tools-for-stm32.13.3.rel1.macos64_1.0.0.202411102158/tools/bin/../lib/gcc/arm-none-eabi/13.3.1/../../../../arm-none-eabi/lib/thumb/v7-m/nofp/libc_nano.a(libc_a-sscanf.o)
 .ARM.attributes
                0x00000719       0x2d /Applications/STM32CubeIDE.app/Contents/Eclipse/plugins/com.st.stm32cube.ide.mcu.externaltools.gnu-tools-for-stm32.13.3.rel1.macos64_1.0.0.202411102158/tools/bin/../lib/gcc/arm-none-eabi/13.3.1/../../../../arm-none-eabi/lib/thumb/v7-m/nofp/libc_nano.a(libc_a-stdio.o)
 .ARM.attributes
                0x00000746       0x2d /Applications/STM32CubeIDE.app/Contents/Eclipse/plugins/com.st.stm32cube.ide.mcu.externaltools.gnu-tools-for-stm32.13.3.rel1.macos64_1.0.0.202411102158/tools/bin/../lib/gcc/arm-none-eabi/13.3.1/../../../../arm-none-eabi/lib/thumb/v7-m/nofp/libc_nano.a(libc_a-findfp.o)
 .ARM.attributes
                0x00000773       0x2d /Applications/STM32CubeIDE.app/Contents/Eclipse/plugins/com.st.stm32cube.ide.mcu.externaltools.gnu-tools-for-stm32.13.3.rel1.macos64_1.0.0.202411102158/tools/bin/../lib/gcc/arm-none-eabi/13.3.1/../../../../arm-none-eabi/lib/thumb/v7-m/nofp/libc_nano.a(libc_a-strtol.o)
 .ARM.attributes
                0x000007a0       0x2d /Applications/STM32CubeIDE.app/Contents/Eclipse/plugins/com.st.stm32cube.ide.mcu.externaltools.gnu-tools-for-stm32.13.3.rel1.macos64_1.0.0.202411102158/tools/bin/../lib/gcc/arm-none-eabi/13.3.1/../../../../arm-none-eabi/lib/thumb/v7-m/nofp/libc_nano.a(libc_a-memset.o)
 .ARM.attributes
                0x000007cd       0x2d /Applications/STM32CubeIDE.app/Contents/Eclipse/plugins/com.st.stm32cube.ide.mcu.externaltools.gnu-tools-for-stm32.13.3.rel1.macos64_1.0.0.202411102158/tools/bin/../lib/gcc/arm-none-eabi/13.3.1/../../../../arm-none-eabi/lib/thumb/v7-m/nofp/libc_nano.a(libc_a-strchr.o)
 .ARM.attributes
                0x000007fa       0x2d /Applications/STM32CubeIDE.app/Contents/Eclipse/plugins/com.st.stm32cube.ide.mcu.externaltools.gnu-tools-for-stm32.13.3.rel1.macos64_1.0.0.202411102158/tools/bin/../lib/gcc/arm-none-eabi/13.3.1/../../../../arm-none-eabi/lib/thumb/v7-m/nofp/libc_nano.a(libc_a-strncmp.o)
 .ARM.attributes
                0x00000827       0x2d /Applications/STM32CubeIDE.app/Contents/Eclipse/plugins/com.st.stm32cube.ide.mcu.externaltools.gnu-tools-for-stm32.13.3.rel1.macos64_1.0.0.202411102158/tools/bin/../lib/gcc/arm-none-eabi/13.3.1/../../../../arm-none-eabi/lib/thumb/v7-m/nofp/libc_nano.a(libc_a-sbrkr.o)
 .ARM.attributes
                0x00000854       0x2d /Applications/STM32CubeIDE.app/Contents/Eclipse/plugins/com.st.stm32cube.ide.mcu.externaltools.gnu-tools-for-stm32.13.3.rel1.macos64_1.0.0.202411102158/tools/bin/../lib/gcc/arm-none-eabi/13.3.1/../../../../arm-none-eabi/lib/thumb/v7-m/nofp/libc_nano.a(libc_a-errno.o)
 .ARM.attributes
                0x00000881       0x2d /Applications/STM32CubeIDE.app/Contents/Eclipse/plugins/com.st.stm32cube.ide.mcu.externaltools.gnu-tools-for-stm32.13.3.rel1.macos64_1.0.0.202411102158/tools/bin/../lib/gcc/arm-none-eabi/13.3.1/../../../../arm-none-eabi/lib/thumb/v7-m/nofp/libc_nano.a(libc_a-init.o)
 .ARM.attributes
                0x000008ae       0x2d /Applications/STM32CubeIDE.app/Contents/Eclipse/plugins/com.st.stm32cube.ide.mcu.externaltools.gnu-tools-for-stm32.13.3.rel1.macos64_1.0.0.202411102158/tools/bin/../lib/gcc/arm-none-eabi/13.3.1/../../../../arm-none-eabi/lib/thumb/v7-m/nofp/libc_nano.a(libc_a-lock.o)
 .ARM.attributes
                0x000008db       0x2d /Applications/STM32CubeIDE.app/Contents/Eclipse/plugins/com.st.stm32cube.ide.mcu.externaltools.gnu-tools-for-stm32.13.3.rel1.macos64_1.0.0.202411102158/tools/bin/../lib/gcc/arm-none-eabi/13.3.1/../../../../arm-none-eabi/lib/thumb/v7-m/nofp/libc_nano.a(libc_a-reent.o)
 .ARM.attributes
                0x00000908       0x2d /Applications/STM32CubeIDE.app/Contents/Eclipse/plugins/com.st.stm32cube.ide.mcu.externaltools.gnu-tools-for-stm32.13.3.rel1.macos64_1.0.0.202411102158/tools/bin/../lib/gcc/arm-none-eabi/13.3.1/../../../../arm-none-eabi/lib/thumb/v7-m/nofp/libc_nano.a(libc_a-impure.o)
 .ARM.attributes
                0x00000935       0x2d /Applications/STM32CubeIDE.app/Contents/Eclipse/plugins/com.st.stm32cube.ide.mcu.externaltools.gnu-tools-for-stm32.13.3.rel1.macos64_1.0.0.202411102158/tools/bin/../lib/gcc/arm-none-eabi/13.3.1/../../../../arm-none-eabi/lib/thumb/v7-m/nofp/libc_nano.a(libc_a-strcpy.o)
 .ARM.attributes
                0x00000962       0x2d /Applications/STM32CubeIDE.app/Contents/Eclipse/plugins/com.st.stm32cube.ide.mcu.externaltools.gnu-tools-for-stm32.13.3.rel1.macos64_1.0.0.202411102158/tools/bin/../lib/gcc/arm-none-eabi/13.3.1/../../../../arm-none-eabi/lib/thumb/v7-m/nofp/libc_nano.a(libc_a-memcpy-stub.o)
 .ARM.attributes
                0x0000098f       0x17 /Applications/STM32CubeIDE.app/Contents/Eclipse/plugins/com.st.stm32cube.ide.mcu.externaltools.gnu-tools-for-stm32.13.3.rel1.macos64_1.0.0.202411102158/tools/bin/../lib/gcc/arm-none-eabi/13.3.1/../../../../arm-none-eabi/lib/thumb/v7-m/nofp/libc_nano.a(libc_a-strlen.o)
 .ARM.attributes
                0x000009a6       0x2d /Applications/STM32CubeIDE.app/Contents/Eclipse/plugins/com.st.stm32cube.ide.mcu.externaltools.gnu-tools-for-stm32.13.3.rel1.macos64_1.0.0.202411102158/tools/bin/../lib/gcc/arm-none-eabi/13.3.1/../../../../arm-none-eabi/lib/thumb/v7-m/nofp/libc_nano.a(libc_a-ctype_.o)
 .ARM.attributes
                0x000009d3       0x2d /Applications/STM32CubeIDE.app/Contents/Eclipse/plugins/com.st.stm32cube.ide.mcu.externaltools.gnu-tools-for-stm32.13.3.rel1.macos64_1.0.0.202411102158/tools/bin/../lib/gcc/arm-none-eabi/13.3.1/../../../../arm-none-eabi/lib/thumb/v7-m/nofp/libc_nano.a(libc_a-freer.o)
 .ARM.attributes
                0x00000a00       0x2d /Applications/STM32CubeIDE.app/Contents/Eclipse/plugins/com.st.stm32cube.ide.mcu.externaltools.gnu-tools-for-stm32.13.3.rel1.macos64_1.0.0.202411102158/tools/bin/../lib/gcc/arm-none-eabi/13.3.1/../../../../arm-none-eabi/lib/thumb/v7-m/nofp/libc_nano.a(libc_a-nano-svfprintf.o)
 .ARM.attributes
                0x00000a2d       0x2d /Applications/STM32CubeIDE.app/Contents/Eclipse/plugins/com.st.stm32cube.ide.mcu.externaltools.gnu-tools-for-stm32.13.3.rel1.macos64_1.0.0.202411102158/tools/bin/../lib/gcc/arm-none-eabi/13.3.1/../../../../arm-none-eabi/lib/thumb/v7-m/nofp/libc_nano.a(libc_a-nano-svfscanf.o)
 .ARM.attributes
                0x00000a5a       0x2d /Applications/STM32CubeIDE.app/Contents/Eclipse/plugins/com.st.stm32cube.ide.mcu.externaltools.gnu-tools-for-stm32.13.3.rel1.macos64_1.0.0.202411102158/tools/bin/../lib/gcc/arm-none-eabi/13.3.1/../../../../arm-none-eabi/lib/thumb/v7-m/nofp/libc_nano.a(libc_a-nano-vfprintf_i.o)
 .ARM.attributes
                0x00000a87       0x2d /Applications/STM32CubeIDE.app/Contents/Eclipse/plugins/com.st.stm32cube.ide.mcu.externaltools.gnu-tools-for-stm32.13.3.rel1.macos64_1.0.0.202411102158/tools/bin/../lib/gcc/arm-none-eabi/13.3.1/../../../../arm-none-eabi/lib/thumb/v7-m/nofp/libc_nano.a(libc_a-nano-vfscanf_i.o)
 .ARM.attributes
                0x00000ab4       0x2d /Applications/STM32CubeIDE.app/Contents/Eclipse/plugins/com.st.stm32cube.ide.mcu.externaltools.gnu-tools-for-stm32.13.3.rel1.macos64_1.0.0.202411102158/tools/bin/../lib/gcc/arm-none-eabi/13.3.1/../../../../arm-none-eabi/lib/thumb/v7-m/nofp/libc_nano.a(libc_a-sccl.o)
 .ARM.attributes
                0x00000ae1       0x2d /Applications/STM32CubeIDE.app/Contents/Eclipse/plugins/com.st.stm32cube.ide.mcu.externaltools.gnu-tools-for-stm32.13.3.rel1.macos64_1.0.0.202411102158/tools/bin/../lib/gcc/arm-none-eabi/13.3.1/../../../../arm-none-eabi/lib/thumb/v7-m/nofp/libc_nano.a(libc_a-ungetc.o)
 .ARM.attributes
                0x00000b0e       0x2d /Applications/STM32CubeIDE.app/Contents/Eclipse/plugins/com.st.stm32cube.ide.mcu.externaltools.gnu-tools-for-stm32.13.3.rel1.macos64_1.0.0.202411102158/tools/bin/../lib/gcc/arm-none-eabi/13.3.1/../../../../arm-none-eabi/lib/thumb/v7-m/nofp/libc_nano.a(libc_a-reallocr.o)
 .ARM.attributes
                0x00000b3b       0x2d /Applications/STM32CubeIDE.app/Contents/Eclipse/plugins/com.st.stm32cube.ide.mcu.externaltools.gnu-tools-for-stm32.13.3.rel1.macos64_1.0.0.202411102158/tools/bin/../lib/gcc/arm-none-eabi/13.3.1/../../../../arm-none-eabi/lib/thumb/v7-m/nofp/libc_nano.a(libc_a-strtoul.o)
 .ARM.attributes
                0x00000b68       0x2d /Applications/STM32CubeIDE.app/Contents/Eclipse/plugins/com.st.stm32cube.ide.mcu.externaltools.gnu-tools-for-stm32.13.3.rel1.macos64_1.0.0.202411102158/tools/bin/../lib/gcc/arm-none-eabi/13.3.1/../../../../arm-none-eabi/lib/thumb/v7-m/nofp/libc_nano.a(libc_a-memmove.o)
 .ARM.attributes
                0x00000b95       0x2d /Applications/STM32CubeIDE.app/Contents/Eclipse/plugins/com.st.stm32cube.ide.mcu.externaltools.gnu-tools-for-stm32.13.3.rel1.macos64_1.0.0.202411102158/tools/bin/../lib/gcc/arm-none-eabi/13.3.1/../../../../arm-none-eabi/lib/thumb/v7-m/nofp/libc_nano.a(libc_a-memchr-stub.o)
 .ARM.attributes
                0x00000bc2       0x2d /Applications/STM32CubeIDE.app/Contents/Eclipse/plugins/com.st.stm32cube.ide.mcu.externaltools.gnu-tools-for-stm32.13.3.rel1.macos64_1.0.0.202411102158/tools/bin/../lib/gcc/arm-none-eabi/13.3.1/../../../../arm-none-eabi/lib/thumb/v7-m/nofp/libc_nano.a(libc_a-msizer.o)
 .ARM.attributes
                0x00000bef       0x1d /Applications/STM32CubeIDE.app/Contents/Eclipse/plugins/com.st.stm32cube.ide.mcu.externaltools.gnu-tools-for-stm32.13.3.rel1.macos64_1.0.0.202411102158/tools/bin/../lib/gcc/arm-none-eabi/13.3.1/thumb/v7-m/nofp/libgcc.a(_aeabi_ldivmod.o)
 .ARM.attributes
                0x00000c0c       0x2d /Applications/STM32CubeIDE.app/Contents/Eclipse/plugins/com.st.stm32cube.ide.mcu.externaltools.gnu-tools-for-stm32.13.3.rel1.macos64_1.0.0.202411102158/tools/bin/../lib/gcc/arm-none-eabi/13.3.1/thumb/v7-m/nofp/libgcc.a(_udivmoddi4.o)
 .ARM.attributes
                0x00000c39       0x1d /Applications/STM32CubeIDE.app/Contents/Eclipse/plugins/com.st.stm32cube.ide.mcu.externaltools.gnu-tools-for-stm32.13.3.rel1.macos64_1.0.0.202411102158/tools/bin/../lib/gcc/arm-none-eabi/13.3.1/thumb/v7-m/nofp/libgcc.a(_dvmd_tls.o)
 .ARM.attributes
                0x00000c56       0x1d /Applications/STM32CubeIDE.app/Contents/Eclipse/plugins/com.st.stm32cube.ide.mcu.externaltools.gnu-tools-for-stm32.13.3.rel1.macos64_1.0.0.202411102158/tools/bin/../lib/gcc/arm-none-eabi/13.3.1/thumb/v7-m/nofp/crtn.o
OUTPUT(runningCompanion.elf elf32-littlearm)
LOAD linker stubs
LOAD /Applications/STM32CubeIDE.app/Contents/Eclipse/plugins/com.st.stm32cube.ide.mcu.externaltools.gnu-tools-for-stm32.13.3.rel1.macos64_1.0.0.202411102158/tools/bin/../lib/gcc/arm-none-eabi/13.3.1/../../../../arm-none-eabi/lib/thumb/v7-m/nofp/libc.a
LOAD /Applications/STM32CubeIDE.app/Contents/Eclipse/plugins/com.st.stm32cube.ide.mcu.externaltools.gnu-tools-for-stm32.13.3.rel1.macos64_1.0.0.202411102158/tools/bin/../lib/gcc/arm-none-eabi/13.3.1/../../../../arm-none-eabi/lib/thumb/v7-m/nofp/libm.a
LOAD /Applications/STM32CubeIDE.app/Contents/Eclipse/plugins/com.st.stm32cube.ide.mcu.externaltools.gnu-tools-for-stm32.13.3.rel1.macos64_1.0.0.202411102158/tools/bin/../lib/gcc/arm-none-eabi/13.3.1/thumb/v7-m/nofp/libgcc.a

.debug_info     0x00000000    0x183de