../Core/Src/gps.c:28:12:gpsValidate	32	static
../Core/Src/gps.c:45:13:saveToActiveBuffer	24	static
../Core/Src/gps.c:70:6:gpsProcessByte	160	static
../Core/Src/gps.c:150:6:gpsConvertUtcToLocal	48	static
../Core/Src/gps.c:176:13:gpsGetLastVelocity	4	static
../Core/Src/gps.c:180:6:gpsHasValidFix	4	static
../Core/Src/gps.c:185:13:gpsGetLastDate	4	static
../Core/Src/gps.c:189:13:gpsGetLastTime	4	static
../Core/Src/gps.c:192:5:gpsIsBufferFull	4	static
../Core/Src/gps.c:196:6:gpsIsReady	4	static
../Core/Src/gps.c:200:5:gpsHasReadyBuffer	4	static
../Core/Src/gps.c:204:13:gpsGetReadyBuffer	4	static
../Core/Src/gps.c:208:6:gpsMarkBufferWritten	4	static
../Core/Src/gps.c:213:6:gpsClearBuffer	8	static
../Core/Src/gps.c:222:6:nmeaToDecimalDegreesString	232	static
../Core/Src/gps.c:348:6:gpsFormatBuffer	320	static
../Core/Src/gps.c:399:6:gpsForceReadyBuffer	8	static
