../Core/Src/gps.c:28:12:gpsValidate	32	static
../Core/Src/gps.c:45:13:saveToActiveBuffer	24	static
../Core/Src/gps.c:70:6:gpsProcessByte	160	static
../Core/Src/gps.c:143:6:gpsConvertUtcToLocal	48	static
../Core/Src/gps.c:169:13:gpsGetLastVelocity	4	static
../Core/Src/gps.c:173:6:gpsHasValidFix	4	static
../Core/Src/gps.c:178:13:gpsGetLastDate	4	static
../Core/Src/gps.c:182:13:gpsGetLastTime	4	static
../Core/Src/gps.c:185:5:gpsIsBufferFull	4	static
../Core/Src/gps.c:189:6:gpsIsReady	4	static
../Core/Src/gps.c:193:5:gpsHasReadyBuffer	4	static
../Core/Src/gps.c:197:13:gpsGetReadyBuffer	4	static
../Core/Src/gps.c:201:6:gpsMarkBufferWritten	4	static
../Core/Src/gps.c:206:6:gpsClearBuffer	8	static
../Core/Src/gps.c:215:6:nmeaToDecimalDegreesString	232	static
../Core/Src/gps.c:341:6:gpsFormatBuffer	320	static
../Core/Src/gps.c:392:6:gpsForceReadyBuffer	8	static
